Component: ARM Compiler 5.06 update 6 (build 750) Tool: armlink [4d35ed]

==============================================================================

Section Cross References

    startup_stm32l476xx.o(RESET) refers to startup_stm32l476xx.o(STACK) for __initial_sp
    startup_stm32l476xx.o(RESET) refers to startup_stm32l476xx.o(.text) for Reset_Handler
    startup_stm32l476xx.o(RESET) refers to stm32l4xx_it.o(i.NMI_Handler) for NMI_Handler
    startup_stm32l476xx.o(RESET) refers to stm32l4xx_it.o(i.HardFault_Handler) for HardFault_Handler
    startup_stm32l476xx.o(RESET) refers to stm32l4xx_it.o(i.MemManage_Handler) for MemManage_Handler
    startup_stm32l476xx.o(RESET) refers to stm32l4xx_it.o(i.BusFault_Handler) for BusFault_Handler
    startup_stm32l476xx.o(RESET) refers to stm32l4xx_it.o(i.UsageFault_Handler) for UsageFault_Handler
    startup_stm32l476xx.o(RESET) refers to stm32l4xx_it.o(i.SVC_Handler) for SVC_Handler
    startup_stm32l476xx.o(RESET) refers to stm32l4xx_it.o(i.DebugMon_Handler) for DebugMon_Handler
    startup_stm32l476xx.o(RESET) refers to stm32l4xx_it.o(i.PendSV_Handler) for PendSV_Handler
    startup_stm32l476xx.o(RESET) refers to stm32l4xx_it.o(i.SysTick_Handler) for SysTick_Handler
    startup_stm32l476xx.o(RESET) refers to stm32l4xx_it.o(i.EXTI2_IRQHandler) for EXTI2_IRQHandler
    startup_stm32l476xx.o(RESET) refers to stm32l4xx_it.o(i.EXTI15_10_IRQHandler) for EXTI15_10_IRQHandler
    startup_stm32l476xx.o(.text) refers to system_stm32l4xx.o(i.SystemInit) for SystemInit
    startup_stm32l476xx.o(.text) refers to entry.o(.ARM.Collect$$$$00000000) for __main
    main.o(i.BSP_LED_Init) refers to memseta.o(.text) for __aeabi_memclr4
    main.o(i.BSP_LED_Init) refers to stm32l4xx_hal_gpio.o(i.HAL_GPIO_Init) for HAL_GPIO_Init
    main.o(i.HAL_GPIO_EXTI_Callback) refers to main.o(i.BSP_LED_Init) for BSP_LED_Init
    main.o(i.HAL_GPIO_EXTI_Callback) refers to stm32l4xx_hal_gpio.o(i.HAL_GPIO_WritePin) for HAL_GPIO_WritePin
    main.o(i.HAL_GPIO_EXTI_Callback) refers to sensor.o(.data) for int1_flag
    main.o(i.MX_GPIO_Init) refers to memseta.o(.text) for __aeabi_memclr4
    main.o(i.MX_GPIO_Init) refers to stm32l4xx_hal_gpio.o(i.HAL_GPIO_WritePin) for HAL_GPIO_WritePin
    main.o(i.MX_GPIO_Init) refers to stm32l4xx_hal_gpio.o(i.HAL_GPIO_Init) for HAL_GPIO_Init
    main.o(i.MX_I2C1_Init) refers to stm32l4xx_hal_i2c.o(i.HAL_I2C_Init) for HAL_I2C_Init
    main.o(i.MX_I2C1_Init) refers to stm32l4xx_hal_i2c_ex.o(i.HAL_I2CEx_ConfigAnalogFilter) for HAL_I2CEx_ConfigAnalogFilter
    main.o(i.MX_I2C1_Init) refers to stm32l4xx_hal_i2c_ex.o(i.HAL_I2CEx_ConfigDigitalFilter) for HAL_I2CEx_ConfigDigitalFilter
    main.o(i.MX_I2C1_Init) refers to main.o(.bss) for .bss
    main.o(i.MX_USART1_UART_Init) refers to stm32l4xx_hal_rcc_ex.o(i.HAL_RCCEx_PeriphCLKConfig) for HAL_RCCEx_PeriphCLKConfig
    main.o(i.MX_USART1_UART_Init) refers to stm32l4xx_hal_uart.o(i.HAL_UART_Init) for HAL_UART_Init
    main.o(i.MX_USART1_UART_Init) refers to main.o(.bss) for .bss
    main.o(i.SystemClock_Config) refers to memseta.o(.text) for __aeabi_memclr4
    main.o(i.SystemClock_Config) refers to stm32l4xx_hal_rcc.o(i.HAL_RCC_OscConfig) for HAL_RCC_OscConfig
    main.o(i.SystemClock_Config) refers to stm32l4xx_hal_rcc.o(i.HAL_RCC_ClockConfig) for HAL_RCC_ClockConfig
    main.o(i.fgetc) refers to stm32l4xx_hal_uart.o(i.HAL_UART_Receive) for HAL_UART_Receive
    main.o(i.fgetc) refers to main.o(.bss) for .bss
    main.o(i.fputc) refers to stm32l4xx_hal_uart.o(i.HAL_UART_Transmit) for HAL_UART_Transmit
    main.o(i.fputc) refers to main.o(.bss) for .bss
    main.o(i.main) refers to stm32l4xx_hal.o(i.HAL_Init) for HAL_Init
    main.o(i.main) refers to main.o(i.SystemClock_Config) for SystemClock_Config
    main.o(i.main) refers to main.o(i.MX_GPIO_Init) for MX_GPIO_Init
    main.o(i.main) refers to stm32l4xx_hal.o(i.HAL_Delay) for HAL_Delay
    main.o(i.main) refers to main.o(i.MX_USART1_UART_Init) for MX_USART1_UART_Init
    main.o(i.main) refers to stm32l4xx_hal_gpio.o(i.HAL_GPIO_WritePin) for HAL_GPIO_WritePin
    main.o(i.main) refers to printfa.o(i.__0printf) for __2printf
    main.o(i.main) refers to main.o(i.MX_I2C1_Init) for MX_I2C1_Init
    main.o(i.main) refers to sensor.o(i.example_main) for example_main
    main.o(i.main) refers to stm32l4xx_hal_gpio.o(i.HAL_GPIO_Init) for HAL_GPIO_Init
    main.o(i.main) refers to stm32l4xx_hal_cortex.o(i.HAL_NVIC_SetPriority) for HAL_NVIC_SetPriority
    main.o(i.main) refers to stm32l4xx_hal_cortex.o(i.HAL_NVIC_EnableIRQ) for HAL_NVIC_EnableIRQ
    main.o(i.main) refers to stm32l4xx_hal.o(i.HAL_SuspendTick) for HAL_SuspendTick
    main.o(i.main) refers to stm32l4xx_hal_pwr_ex.o(i.HAL_PWREx_EnterSTOP2Mode) for HAL_PWREx_EnterSTOP2Mode
    main.o(i.main) refers to stm32l4xx_hal.o(i.HAL_ResumeTick) for HAL_ResumeTick
    main.o(i.main) refers to memseta.o(.text) for __aeabi_memclr4
[...]
    Removing lsm6dsl_reg.o(i.lsm6dsl_fifo_xl_batch_get), (76 bytes).
    Removing lsm6dsl_reg.o(i.lsm6dsl_fifo_xl_batch_set), (46 bytes).
    Removing lsm6dsl_reg.o(i.lsm6dsl_fifo_xl_gy_8bit_format_get), (26 bytes).
    Removing lsm6dsl_reg.o(i.lsm6dsl_fifo_xl_gy_8bit_format_set), (46 bytes).
    Removing lsm6dsl_reg.o(i.lsm6dsl_filter_settling_mask_get), (26 bytes).
    Removing lsm6dsl_reg.o(i.lsm6dsl_filter_settling_mask_set), (46 bytes).
    Removing lsm6dsl_reg.o(i.lsm6dsl_from_fs1000dps_to_mdps), (24 bytes).
    Removing lsm6dsl_reg.o(i.lsm6dsl_from_fs125dps_to_mdps), (24 bytes).
    Removing lsm6dsl_reg.o(i.lsm6dsl_from_fs16g_to_mg), (24 bytes).
    Removing lsm6dsl_reg.o(i.lsm6dsl_from_fs250dps_to_mdps), (24 bytes).
    Removing lsm6dsl_reg.o(i.lsm6dsl_from_fs4g_to_mg), (24 bytes).
    Removing lsm6dsl_reg.o(i.lsm6dsl_from_fs500dps_to_mdps), (24 bytes).
    Removing lsm6dsl_reg.o(i.lsm6dsl_from_fs8g_to_mg), (24 bytes).
    Removing lsm6dsl_reg.o(i.lsm6dsl_func_en_set), (46 bytes).
    Removing lsm6dsl_reg.o(i.lsm6dsl_gy_band_pass_get), (154 bytes).
    Removing lsm6dsl_reg.o(i.lsm6dsl_gy_data_rate_get), (90 bytes).
    Removing lsm6dsl_reg.o(i.lsm6dsl_gy_flag_data_ready_get), (26 bytes).
    Removing lsm6dsl_reg.o(i.lsm6dsl_gy_full_scale_get), (64 bytes).
    Removing lsm6dsl_reg.o(i.lsm6dsl_gy_power_mode_get), (34 bytes).
    Removing lsm6dsl_reg.o(i.lsm6dsl_gy_power_mode_set), (46 bytes).
    Removing lsm6dsl_reg.o(i.lsm6dsl_gy_self_test_get), (38 bytes).
    Removing lsm6dsl_reg.o(i.lsm6dsl_gy_self_test_set), (46 bytes).
    Removing lsm6dsl_reg.o(i.lsm6dsl_gy_sleep_mode_get), (26 bytes).
    Removing lsm6dsl_reg.o(i.lsm6dsl_gy_sleep_mode_set), (46 bytes).
    Removing lsm6dsl_reg.o(i.lsm6dsl_i2c_interface_get), (36 bytes).
    Removing lsm6dsl_reg.o(i.lsm6dsl_i2c_interface_set), (46 bytes).
    Removing lsm6dsl_reg.o(i.lsm6dsl_int_notification_get), (36 bytes).
    Removing lsm6dsl_reg.o(i.lsm6dsl_int_notification_set), (46 bytes).
    Removing lsm6dsl_reg.o(i.lsm6dsl_mag_calibrated_raw_get), (10 bytes).
    Removing lsm6dsl_reg.o(i.lsm6dsl_mag_hard_iron_get), (26 bytes).
    Removing lsm6dsl_reg.o(i.lsm6dsl_mag_hard_iron_set), (92 bytes).
    Removing lsm6dsl_reg.o(i.lsm6dsl_mag_offset_get), (46 bytes).
    Removing lsm6dsl_reg.o(i.lsm6dsl_mag_offset_set), (46 bytes).
    Removing lsm6dsl_reg.o(i.lsm6dsl_mag_soft_iron_get), (26 bytes).
    Removing lsm6dsl_reg.o(i.lsm6dsl_mag_soft_iron_mat_get), (46 bytes).
    Removing lsm6dsl_reg.o(i.lsm6dsl_mag_soft_iron_mat_set), (46 bytes).
    Removing lsm6dsl_reg.o(i.lsm6dsl_mag_soft_iron_set), (46 bytes).
    Removing lsm6dsl_reg.o(i.lsm6dsl_mem_bank_get), (32 bytes).
    Removing lsm6dsl_reg.o(i.lsm6dsl_mem_bank_set), (46 bytes).
    Removing lsm6dsl_reg.o(i.lsm6dsl_motion_sens_get), (26 bytes).
    Removing lsm6dsl_reg.o(i.lsm6dsl_motion_sens_set), (58 bytes).
    Removing lsm6dsl_reg.o(i.lsm6dsl_motion_threshold_get), (46 bytes).
    Removing lsm6dsl_reg.o(i.lsm6dsl_motion_threshold_set), (46 bytes).
    Removing lsm6dsl_reg.o(i.lsm6dsl_pedo_debounce_steps_get), (52 bytes).
    Removing lsm6dsl_reg.o(i.lsm6dsl_pedo_debounce_steps_set), (70 bytes).
    Removing lsm6dsl_reg.o(i.lsm6dsl_pedo_full_scale_get), (60 bytes).
    Removing lsm6dsl_reg.o(i.lsm6dsl_pedo_full_scale_set), (70 bytes).
    Removing lsm6dsl_reg.o(i.lsm6dsl_pedo_sens_get), (26 bytes).
    Removing lsm6dsl_reg.o(i.lsm6dsl_pedo_sens_set), (56 bytes).
    Removing lsm6dsl_reg.o(i.lsm6dsl_pedo_step_reset_get), (26 bytes).
    Removing lsm6dsl_reg.o(i.lsm6dsl_pedo_step_reset_set), (46 bytes).
    Removing lsm6dsl_reg.o(i.lsm6dsl_pedo_steps_period_get), (46 bytes).
    Removing lsm6dsl_reg.o(i.lsm6dsl_pedo_steps_period_set), (46 bytes).
    Removing lsm6dsl_reg.o(i.lsm6dsl_pedo_threshold_get), (52 bytes).
    Removing lsm6dsl_reg.o(i.lsm6dsl_pedo_threshold_set), (70 bytes).
    Removing lsm6dsl_reg.o(i.lsm6dsl_pedo_timeout_get), (50 bytes).
    Removing lsm6dsl_reg.o(i.lsm6dsl_pedo_timeout_set), (70 bytes).
    Removing lsm6dsl_reg.o(i.lsm6dsl_pin_int1_route_get), (246 bytes).
    Removing lsm6dsl_reg.o(i.lsm6dsl_pin_int1_route_set), (400 bytes).
    Removing lsm6dsl_reg.o(i.lsm6dsl_pin_int2_route_get), (210 bytes).
    Removing lsm6dsl_reg.o(i.lsm6dsl_pin_int2_route_set), (354 bytes).
    Removing lsm6dsl_reg.o(i.lsm6dsl_pin_mode_get), (36 bytes).
    Removing lsm6dsl_reg.o(i.lsm6dsl_pin_mode_set), (46 bytes).
    Removing lsm6dsl_reg.o(i.lsm6dsl_pin_polarity_get), (36 bytes).
    Removing lsm6dsl_reg.o(i.lsm6dsl_pin_polarity_set), (46 bytes).
    Removing lsm6dsl_reg.o(i.lsm6dsl_rounding_mode_get), (74 bytes).
    Removing lsm6dsl_reg.o(i.lsm6dsl_rounding_mode_set), (46 bytes).
    Removing lsm6dsl_reg.o(i.lsm6dsl_rounding_on_status_get), (36 bytes).
    Removing lsm6dsl_reg.o(i.lsm6dsl_rounding_on_status_set), (46 bytes).
    Removing lsm6dsl_reg.o(i.lsm6dsl_sh_cfg_write), (92 bytes).
    Removing lsm6dsl_reg.o(i.lsm6dsl_sh_cmd_sens_sync_get), (22 bytes).
    Removing lsm6dsl_reg.o(i.lsm6dsl_sh_cmd_sens_sync_set), (38 bytes).
    Removing lsm6dsl_reg.o(i.lsm6dsl_sh_drdy_on_int1_get), (24 bytes).
    Removing lsm6dsl_reg.o(i.lsm6dsl_sh_drdy_on_int1_set), (46 bytes).
    Removing lsm6dsl_reg.o(i.lsm6dsl_sh_master_get), (26 bytes).
    Removing lsm6dsl_reg.o(i.lsm6dsl_sh_master_set), (46 bytes).
    Removing lsm6dsl_reg.o(i.lsm6dsl_sh_num_of_dev_connected_get), (68 bytes).
    Removing lsm6dsl_reg.o(i.lsm6dsl_sh_num_of_dev_connected_set), (70 bytes).
    Removing lsm6dsl_reg.o(i.lsm6dsl_sh_pass_through_get), (26 bytes).
    Removing lsm6dsl_reg.o(i.lsm6dsl_sh_pass_through_set), (46 bytes).
    Removing lsm6dsl_reg.o(i.lsm6dsl_sh_pin_mode_get), (36 bytes).
    Removing lsm6dsl_reg.o(i.lsm6dsl_sh_pin_mode_set), (46 bytes).
    Removing lsm6dsl_reg.o(i.lsm6dsl_sh_read_data_raw_get), (40 bytes).
    Removing lsm6dsl_reg.o(i.lsm6dsl_sh_slave_0_dec_get), (66 bytes).
    Removing lsm6dsl_reg.o(i.lsm6dsl_sh_slave_0_dec_set), (70 bytes).
    Removing lsm6dsl_reg.o(i.lsm6dsl_sh_slave_1_dec_get), (66 bytes).
    Removing lsm6dsl_reg.o(i.lsm6dsl_sh_slave_1_dec_set), (70 bytes).
    Removing lsm6dsl_reg.o(i.lsm6dsl_sh_slave_2_dec_get), (66 bytes).
    Removing lsm6dsl_reg.o(i.lsm6dsl_sh_slave_2_dec_set), (70 bytes).
    Removing lsm6dsl_reg.o(i.lsm6dsl_sh_slave_3_dec_get), (66 bytes).
    Removing lsm6dsl_reg.o(i.lsm6dsl_sh_slave_3_dec_set), (70 bytes).
    Removing lsm6dsl_reg.o(i.lsm6dsl_sh_slv0_cfg_read), (122 bytes).
    Removing lsm6dsl_reg.o(i.lsm6dsl_sh_slv1_cfg_read), (122 bytes).
    Removing lsm6dsl_reg.o(i.lsm6dsl_sh_slv2_cfg_read), (122 bytes).
    Removing lsm6dsl_reg.o(i.lsm6dsl_sh_slv3_cfg_read), (122 bytes).
    Removing lsm6dsl_reg.o(i.lsm6dsl_sh_spi_sync_error_get), (22 bytes).
    Removing lsm6dsl_reg.o(i.lsm6dsl_sh_spi_sync_error_set), (38 bytes).
    Removing lsm6dsl_reg.o(i.lsm6dsl_sh_sync_sens_frame_get), (26 bytes).
    Removing lsm6dsl_reg.o(i.lsm6dsl_sh_sync_sens_frame_set), (46 bytes).
    Removing lsm6dsl_reg.o(i.lsm6dsl_sh_sync_sens_ratio_get), (42 bytes).
    Removing lsm6dsl_reg.o(i.lsm6dsl_sh_sync_sens_ratio_set), (46 bytes).
    Removing lsm6dsl_reg.o(i.lsm6dsl_sh_syncro_mode_get), (36 bytes).
    Removing lsm6dsl_reg.o(i.lsm6dsl_sh_syncro_mode_set), (46 bytes).
    Removing lsm6dsl_reg.o(i.lsm6dsl_sh_write_mode_get), (62 bytes).
    Removing lsm6dsl_reg.o(i.lsm6dsl_sh_write_mode_set), (70 bytes).
    Removing lsm6dsl_reg.o(i.lsm6dsl_spi_mode_get), (36 bytes).
    Removing lsm6dsl_reg.o(i.lsm6dsl_spi_mode_set), (46 bytes).
    Removing lsm6dsl_reg.o(i.lsm6dsl_tap_detection_on_x_get), (26 bytes).
    Removing lsm6dsl_reg.o(i.lsm6dsl_tap_detection_on_x_set), (46 bytes).
    Removing lsm6dsl_reg.o(i.lsm6dsl_tap_detection_on_y_get), (26 bytes).
    Removing lsm6dsl_reg.o(i.lsm6dsl_tap_detection_on_y_set), (46 bytes).
    Removing lsm6dsl_reg.o(i.lsm6dsl_tap_detection_on_z_get), (26 bytes).
    Removing lsm6dsl_reg.o(i.lsm6dsl_tap_detection_on_z_set), (46 bytes).
    Removing lsm6dsl_reg.o(i.lsm6dsl_tap_dur_get), (24 bytes).
    Removing lsm6dsl_reg.o(i.lsm6dsl_tap_dur_set), (46 bytes).
    Removing lsm6dsl_reg.o(i.lsm6dsl_tap_mode_get), (34 bytes).
    Removing lsm6dsl_reg.o(i.lsm6dsl_tap_mode_set), (46 bytes).
    Removing lsm6dsl_reg.o(i.lsm6dsl_tap_quiet_get), (26 bytes).
    Removing lsm6dsl_reg.o(i.lsm6dsl_tap_quiet_set), (46 bytes).
    Removing lsm6dsl_reg.o(i.lsm6dsl_tap_shock_get), (26 bytes).
    Removing lsm6dsl_reg.o(i.lsm6dsl_tap_shock_set), (46 bytes).
    Removing lsm6dsl_reg.o(i.lsm6dsl_tap_src_get), (10 bytes).
    Removing lsm6dsl_reg.o(i.lsm6dsl_tap_threshold_x_get), (26 bytes).
    Removing lsm6dsl_reg.o(i.lsm6dsl_tap_threshold_x_set), (46 bytes).
    Removing lsm6dsl_reg.o(i.lsm6dsl_temp_flag_data_ready_get), (26 bytes).
    Removing lsm6dsl_reg.o(i.lsm6dsl_tilt_latency_get), (46 bytes).
    Removing lsm6dsl_reg.o(i.lsm6dsl_tilt_latency_set), (46 bytes).
    Removing lsm6dsl_reg.o(i.lsm6dsl_tilt_sens_get), (26 bytes).
    Removing lsm6dsl_reg.o(i.lsm6dsl_tilt_sens_set), (56 bytes).
    Removing lsm6dsl_reg.o(i.lsm6dsl_tilt_src_get), (46 bytes).
    Removing lsm6dsl_reg.o(i.lsm6dsl_tilt_src_set), (46 bytes).
    Removing lsm6dsl_reg.o(i.lsm6dsl_tilt_threshold_get), (46 bytes).
    Removing lsm6dsl_reg.o(i.lsm6dsl_tilt_threshold_set), (46 bytes).
    Removing lsm6dsl_reg.o(i.lsm6dsl_timestamp_get), (26 bytes).
    Removing lsm6dsl_reg.o(i.lsm6dsl_timestamp_res_get), (36 bytes).
    Removing lsm6dsl_reg.o(i.lsm6dsl_timestamp_res_set), (46 bytes).
    Removing lsm6dsl_reg.o(i.lsm6dsl_timestamp_set), (58 bytes).
    Removing lsm6dsl_reg.o(i.lsm6dsl_wkup_dur_get), (26 bytes).
    Removing lsm6dsl_reg.o(i.lsm6dsl_wkup_dur_set), (46 bytes).
    Removing lsm6dsl_reg.o(i.lsm6dsl_wkup_threshold_get), (26 bytes).
    Removing lsm6dsl_reg.o(i.lsm6dsl_wkup_threshold_set), (46 bytes).
    Removing lsm6dsl_reg.o(i.lsm6dsl_wrist_tilt_sens_get), (24 bytes).
    Removing lsm6dsl_reg.o(i.lsm6dsl_wrist_tilt_sens_set), (56 bytes).
    Removing lsm6dsl_reg.o(i.lsm6dsl_xl_data_rate_get), (94 bytes).
    Removing lsm6dsl_reg.o(i.lsm6dsl_xl_filter_analog_get), (36 bytes).
    Removing lsm6dsl_reg.o(i.lsm6dsl_xl_flag_data_ready_get), (26 bytes).
    Removing lsm6dsl_reg.o(i.lsm6dsl_xl_full_scale_get), (42 bytes).
    Removing lsm6dsl_reg.o(i.lsm6dsl_xl_hp_bandwidth_get), (70 bytes).
    Removing lsm6dsl_reg.o(i.lsm6dsl_xl_hp_bandwidth_set), (54 bytes).
    Removing lsm6dsl_reg.o(i.lsm6dsl_xl_hp_path_internal_get), (36 bytes).
    Removing lsm6dsl_reg.o(i.lsm6dsl_xl_hp_path_internal_set), (46 bytes).
    Removing lsm6dsl_reg.o(i.lsm6dsl_xl_lp1_bandwidth_get), (72 bytes).
    Removing lsm6dsl_reg.o(i.lsm6dsl_xl_lp1_bandwidth_set), (90 bytes).
    Removing lsm6dsl_reg.o(i.lsm6dsl_xl_lp2_bandwidth_get), (88 bytes).
    Removing lsm6dsl_reg.o(i.lsm6dsl_xl_offset_weight_get), (36 bytes).
    Removing lsm6dsl_reg.o(i.lsm6dsl_xl_offset_weight_set), (46 bytes).
    Removing lsm6dsl_reg.o(i.lsm6dsl_xl_power_mode_get), (36 bytes).
    Removing lsm6dsl_reg.o(i.lsm6dsl_xl_reference_mode_get), (26 bytes).
    Removing lsm6dsl_reg.o(i.lsm6dsl_xl_reference_mode_set), (46 bytes).
    Removing lsm6dsl_reg.o(i.lsm6dsl_xl_self_test_get), (38 bytes).
    Removing lsm6dsl_reg.o(i.lsm6dsl_xl_self_test_set), (46 bytes).
    Removing lsm6dsl_reg.o(i.lsm6dsl_xl_usr_offset_get), (10 bytes).
    Removing lsm6dsl_reg.o(i.lsm6dsl_xl_usr_offset_set), (10 bytes).
    Removing sensor.o(.rev16_text), (4 bytes).
    Removing sensor.o(.revsh_text), (4 bytes).
    Removing sensor.o(.rrx_text), (6 bytes).
    Removing sensor.o(i.lsm6dsl_exti_config), (76 bytes).
    Removing sensor.o(i.lsm6dsl_free_fall_detection), (204 bytes).
    Removing sensor.o(.bss), (256 bytes).

617 unused section(s) (total 37486 bytes) removed from the image.

==============================================================================

Image Symbol Table

    Local Symbols

    Symbol Name                              Value     Ov Type        Size  Object(Section)

    ../Drivers/STM32L4xx_HAL_Driver/Src/stm32l4xx_hal.c 0x00000000   Number         0  stm32l4xx_hal.o ABSOLUTE
    ../Drivers/STM32L4xx_HAL_Driver/Src/stm32l4xx_hal_cortex.c 0x00000000   Number         0  stm32l4xx_hal_cortex.o ABSOLUTE
    ../Drivers/STM32L4xx_HAL_Driver/Src/stm32l4xx_hal_dma.c 0x00000000   Number         0  stm32l4xx_hal_dma.o ABSOLUTE
    ../Drivers/STM32L4xx_HAL_Driver/Src/stm32l4xx_hal_dma_ex.c 0x00000000   Number         0  stm32l4xx_hal_dma_ex.o ABSOLUTE
    ../Drivers/STM32L4xx_HAL_Driver/Src/stm32l4xx_hal_exti.c 0x00000000   Number         0  stm32l4xx_hal_exti.o ABSOLUTE
    ../Drivers/STM32L4xx_HAL_Driver/Src/stm32l4xx_hal_flash.c 0x00000000   Number         0  stm32l4xx_hal_flash.o ABSOLUTE
    ../Drivers/STM32L4xx_HAL_Driver/Src/stm32l4xx_hal_flash_ex.c 0x00000000   Number         0  stm32l4xx_hal_flash_ex.o ABSOLUTE
    ../Drivers/STM32L4xx_HAL_Driver/Src/stm32l4xx_hal_flash_ramfunc.c 0x00000000   Number         0  stm32l4xx_hal_flash_ramfunc.o ABSOLUTE
    ../Drivers/STM32L4xx_HAL_Driver/Src/stm32l4xx_hal_gpio.c 0x00000000   Number         0  stm32l4xx_hal_gpio.o ABSOLUTE
    ../Drivers/STM32L4xx_HAL_Driver/Src/stm32l4xx_hal_i2c.c 0x00000000   Number         0  stm32l4xx_hal_i2c.o ABSOLUTE
    ../Drivers/STM32L4xx_HAL_Driver/Src/stm32l4xx_hal_i2c_ex.c 0x00000000   Number         0  stm32l4xx_hal_i2c_ex.o ABSOLUTE
    ../Drivers/STM32L4xx_HAL_Driver/Src/stm32l4xx_hal_pwr.c 0x00000000   Number         0  stm32l4xx_hal_pwr.o ABSOLUTE
    ../Drivers/STM32L4xx_HAL_Driver/Src/stm32l4xx_hal_pwr_ex.c 0x00000000   Number         0  stm32l4xx_hal_pwr_ex.o ABSOLUTE
    ../Drivers/STM32L4xx_HAL_Driver/Src/stm32l4xx_hal_rcc.c 0x00000000   Number         0  stm32l4xx_hal_rcc.o ABSOLUTE
    ../Drivers/STM32L4xx_HAL_Driver/Src/stm32l4xx_hal_rcc_ex.c 0x00000000   Number         0  stm32l4xx_hal_rcc_ex.o ABSOLUTE
    ../Drivers/STM32L4xx_HAL_Driver/Src/stm32l4xx_hal_tim.c 0x00000000   Number         0  stm32l4xx_hal_tim.o ABSOLUTE
    ../Drivers/STM32L4xx_HAL_Driver/Src/stm32l4xx_hal_tim_ex.c 0x00000000   Number         0  stm32l4xx_hal_tim_ex.o ABSOLUTE
    ../Drivers/STM32L4xx_HAL_Driver/Src/stm32l4xx_hal_uart.c 0x00000000   Number         0  stm32l4xx_hal_uart.o ABSOLUTE
    ../Drivers/STM32L4xx_HAL_Driver/Src/stm32l4xx_hal_uart_ex.c 0x00000000   Number         0  stm32l4xx_hal_uart_ex.o ABSOLUTE
    ../Src/main.c                            0x00000000   Number         0  main.o ABSOLUTE
    ../Src/stm32l4xx_hal_msp.c               0x00000000   Number         0  stm32l4xx_hal_msp.o ABSOLUTE
    ../Src/stm32l4xx_it.c                    0x00000000   Number         0  stm32l4xx_it.o ABSOLUTE
    ../Src/system_stm32l4xx.c                0x00000000   Number         0  system_stm32l4xx.o ABSOLUTE
    ../clib/microlib/division.c              0x00000000   Number         0  uldiv.o ABSOLUTE
    ../clib/microlib/division.c              0x00000000   Number         0  uidiv.o ABSOLUTE
    ../clib/microlib/init/entry.s            0x00000000   Number         0  entry2.o ABSOLUTE
    ../clib/microlib/init/entry.s            0x00000000   Number         0  entry5.o ABSOLUTE
    ../clib/microlib/init/entry.s            0x00000000   Number         0  entry7a.o ABSOLUTE
    ../clib/microlib/init/entry.s            0x00000000   Number         0  entry8b.o ABSOLUTE
    ../clib/microlib/init/entry.s            0x00000000   Number         0  entry7b.o ABSOLUTE
    ../clib/microlib/init/entry.s            0x00000000   Number         0  entry11b.o ABSOLUTE
    ../clib/microlib/init/entry.s            0x00000000   Number         0  entry11a.o ABSOLUTE
    ../clib/microlib/init/entry.s            0x00000000   Number         0  entry10b.o ABSOLUTE
    ../clib/microlib/init/entry.s            0x00000000   Number         0  entry10a.o ABSOLUTE
    ../clib/microlib/init/entry.s            0x00000000   Number         0  entry9a.o ABSOLUTE
    ../clib/microlib/init/entry.s            0x00000000   Number         0  entry8a.o ABSOLUTE
    ../clib/microlib/init/entry.s            0x00000000   Number         0  entry.o ABSOLUTE
    ../clib/microlib/init/entry.s            0x00000000   Number         0  entry9b.o ABSOLUTE
    ../clib/microlib/longlong.c              0x00000000   Number         0  llsshr.o ABSOLUTE
    ../clib/microlib/longlong.c              0x00000000   Number         0  llushr.o ABSOLUTE
    ../clib/microlib/longlong.c              0x00000000   Number         0  llshl.o ABSOLUTE
    ../clib/microlib/printf/printf.c         0x00000000   Number         0  printf2.o ABSOLUTE
    ../clib/microlib/printf/printf.c         0x00000000   Number         0  printfb.o ABSOLUTE
    ../clib/microlib/printf/printf.c         0x00000000   Number         0  printf3.o ABSOLUTE
    ../clib/microlib/printf/printf.c         0x00000000   Number         0  printf4.o ABSOLUTE
    ../clib/microlib/printf/printf.c         0x00000000   Number         0  printf5.o ABSOLUTE
    ../clib/microlib/printf/printf.c         0x00000000   Number         0  printf6.o ABSOLUTE
    ../clib/microlib/printf/printf.c         0x00000000   Number         0  printf0.o ABSOLUTE
    ../clib/microlib/printf/printf.c         0x00000000   Number         0  printfa.o ABSOLUTE
    ../clib/microlib/printf/printf.c         0x00000000   Number         0  printf8.o ABSOLUTE
    ../clib/microlib/printf/printf.c         0x00000000   Number         0  printf7.o ABSOLUTE
    ../clib/microlib/printf/printf.c         0x00000000   Number         0  printf1.o ABSOLUTE
    ../clib/microlib/printf/stubs.s          0x00000000   Number         0  stubs.o ABSOLUTE
    ../clib/microlib/stdio/streams.c         0x00000000   Number         0  stdout.o ABSOLUTE
    ../clib/microlib/string/memset.c         0x00000000   Number         0  memseta.o ABSOLUTE
    ../clib/microlib/string/strlen.c         0x00000000   Number         0  strlen.o ABSOLUTE
    ../clib/microlib/stubs.s                 0x00000000   Number         0  iusefp.o ABSOLUTE
    ../fplib/microlib/f2d.c                  0x00000000   Number         0  f2d.o ABSOLUTE
    ../fplib/microlib/fpadd.c                0x00000000   Number         0  dadd.o ABSOLUTE
    ../fplib/microlib/fpdiv.c                0x00000000   Number         0  ddiv.o ABSOLUTE
    ../fplib/microlib/fpepilogue.c           0x00000000   Number         0  depilogue.o ABSOLUTE
    ../fplib/microlib/fpfix.c                0x00000000   Number         0  dfixul.o ABSOLUTE
    ../fplib/microlib/fpmul.c                0x00000000   Number         0  dmul.o ABSOLUTE
    ..\Bsp\lsm6dsl_reg.c                     0x00000000   Number         0  lsm6dsl_reg.o ABSOLUTE
    ..\Bsp\sensor.c                          0x00000000   Number         0  sensor.o ABSOLUTE
    ..\Drivers\STM32L4xx_HAL_Driver\Src\stm32l4xx_hal.c 0x00000000   Number         0  stm32l4xx_hal.o ABSOLUTE
    ..\Drivers\STM32L4xx_HAL_Driver\Src\stm32l4xx_hal_cortex.c 0x00000000   Number         0  stm32l4xx_hal_cortex.o ABSOLUTE
    ..\Drivers\STM32L4xx_HAL_Driver\Src\stm32l4xx_hal_dma.c 0x00000000   Number         0  stm32l4xx_hal_dma.o ABSOLUTE
    ..\Drivers\STM32L4xx_HAL_Driver\Src\stm32l4xx_hal_dma_ex.c 0x00000000   Number         0  stm32l4xx_hal_dma_ex.o ABSOLUTE
    ..\Drivers\STM32L4xx_HAL_Driver\Src\stm32l4xx_hal_exti.c 0x00000000   Number         0  stm32l4xx_hal_exti.o ABSOLUTE
    ..\Drivers\STM32L4xx_HAL_Driver\Src\stm32l4xx_hal_flash.c 0x00000000   Number         0  stm32l4xx_hal_flash.o ABSOLUTE
    ..\Drivers\STM32L4xx_HAL_Driver\Src\stm32l4xx_hal_flash_ex.c 0x00000000   Number         0  stm32l4xx_hal_flash_ex.o ABSOLUTE
    ..\Drivers\STM32L4xx_HAL_Driver\Src\stm32l4xx_hal_flash_ramfunc.c 0x00000000   Number         0  stm32l4xx_hal_flash_ramfunc.o ABSOLUTE
    ..\Drivers\STM32L4xx_HAL_Driver\Src\stm32l4xx_hal_gpio.c 0x00000000   Number         0  stm32l4xx_hal_gpio.o ABSOLUTE
    ..\Drivers\STM32L4xx_HAL_Driver\Src\stm32l4xx_hal_i2c.c 0x00000000   Number         0  stm32l4xx_hal_i2c.o ABSOLUTE
    ..\Drivers\STM32L4xx_HAL_Driver\Src\stm32l4xx_hal_i2c_ex.c 0x00000000   Number         0  stm32l4xx_hal_i2c_ex.o ABSOLUTE
    ..\Drivers\STM32L4xx_HAL_Driver\Src\stm32l4xx_hal_pwr.c 0x00000000   Number         0  stm32l4xx_hal_pwr.o ABSOLUTE
    ..\Drivers\STM32L4xx_HAL_Driver\Src\stm32l4xx_hal_pwr_ex.c 0x00000000   Number         0  stm32l4xx_hal_pwr_ex.o ABSOLUTE
    ..\Drivers\STM32L4xx_HAL_Driver\Src\stm32l4xx_hal_rcc.c 0x00000000   Number         0  stm32l4xx_hal_rcc.o ABSOLUTE
    ..\Drivers\STM32L4xx_HAL_Driver\Src\stm32l4xx_hal_rcc_ex.c 0x00000000   Number         0  stm32l4xx_hal_rcc_ex.o ABSOLUTE
    ..\Drivers\STM32L4xx_HAL_Driver\Src\stm32l4xx_hal_tim.c 0x00000000   Number         0  stm32l4xx_hal_tim.o ABSOLUTE
    ..\Drivers\STM32L4xx_HAL_Driver\Src\stm32l4xx_hal_tim_ex.c 0x00000000   Number         0  stm32l4xx_hal_tim_ex.o ABSOLUTE
    ..\Drivers\STM32L4xx_HAL_Driver\Src\stm32l4xx_hal_uart.c 0x00000000   Number         0  stm32l4xx_hal_uart.o ABSOLUTE
    ..\Drivers\STM32L4xx_HAL_Driver\Src\stm32l4xx_hal_uart_ex.c 0x00000000   Number         0  stm32l4xx_hal_uart_ex.o ABSOLUTE
    ..\Src\main.c                            0x00000000   Number         0  main.o ABSOLUTE
    ..\Src\stm32l4xx_hal_msp.c               0x00000000   Number         0  stm32l4xx_hal_msp.o ABSOLUTE
    ..\Src\stm32l4xx_it.c                    0x00000000   Number         0  stm32l4xx_it.o ABSOLUTE
    ..\Src\system_stm32l4xx.c                0x00000000   Number         0  system_stm32l4xx.o ABSOLUTE
    ..\\Bsp\\lsm6dsl_reg.c                   0x00000000   Number         0  lsm6dsl_reg.o ABSOLUTE
    ..\\Bsp\\sensor.c                        0x00000000   Number         0  sensor.o ABSOLUTE
    cdrcmple.s                               0x00000000   Number         0  cdrcmple.o ABSOLUTE
    dc.s                                     0x00000000   Number         0  dc.o ABSOLUTE
    handlers.s                               0x00000000   Number         0  handlers.o ABSOLUTE
    init.s                                   0x00000000   Number         0  init.o ABSOLUTE
    startup_stm32l476xx.s                    0x00000000   Number         0  startup_stm32l476xx.o ABSOLUTE
    RESET                                    0x08000000   Section      392  startup_stm32l476xx.o(RESET)
    .ARM.Collect$$$$00000000                 0x08000188   Section        0  entry.o(.ARM.Collect$$$$00000000)
    .ARM.Collect$$$$00000001                 0x08000188   Section        4  entry2.o(.ARM.Collect$$$$00000001)
    .ARM.Collect$$$$00000004                 0x0800018c   Section        4  entry5.o(.ARM.Collect$$$$00000004)
    .ARM.Collect$$$$00000008                 0x08000190   Section        0  entry7b.o(.ARM.Collect$$$$00000008)
    .ARM.Collect$$$$0000000A                 0x08000190   Section        0  entry8b.o(.ARM.Collect$$$$0000000A)
    .ARM.Collect$$$$0000000B                 0x08000190   Section        8  entry9a.o(.ARM.Collect$$$$0000000B)
    .ARM.Collect$$$$0000000D                 0x08000198   Section        0  entry10a.o(.ARM.Collect$$$$0000000D)
    .ARM.Collect$$$$0000000F                 0x08000198   Section        0  entry11a.o(.ARM.Collect$$$$0000000F)
    .ARM.Collect$$$$00002712                 0x08000198   Section        4  entry2.o(.ARM.Collect$$$$00002712)
    __lit__00000000                          0x08000198   Data           4  entry2.o(.ARM.Collect$$$$00002712)
    .text                                    0x0800019c   Section       36  startup_stm32l476xx.o(.text)
    $v0                                      0x0800019c   Number         0  startup_stm32l476xx.o(.text)
    .text                                    0x080001c0   Section        0  uldiv.o(.text)
    .text                                    0x08000228   Section        0  memseta.o(.text)
    .text                                    0x0800024c   Section        0  strlen.o(.text)
    .text                                    0x0800025a   Section        0  f2d.o(.text)
    .text                                    0x08000280   Section        0  uidiv.o(.text)
    .text                                    0x080002ac   Section        0  llshl.o(.text)
    .text                                    0x080002ca   Section        0  llushr.o(.text)
    .text                                    0x080002ea   Section        0  iusefp.o(.text)
    .text                                    0x080002ea   Section        0  dadd.o(.text)
    .text                                    0x08000448   Section        0  dmul.o(.text)
    .text                                    0x08000532   Section        0  ddiv.o(.text)
    .text                                    0x08000610   Section        0  dfixul.o(.text)
    .text                                    0x08000640   Section       48  cdrcmple.o(.text)
    .text                                    0x08000670   Section       36  init.o(.text)
    .text                                    0x08000694   Section        0  llsshr.o(.text)
    .text                                    0x080006b8   Section        0  depilogue.o(.text)
    i.BSP_LED_Init                           0x08000774   Section        0  main.o(i.BSP_LED_Init)
    i.BusFault_Handler                       0x080007b8   Section        0  stm32l4xx_it.o(i.BusFault_Handler)
    i.DebugMon_Handler                       0x080007ba   Section        0  stm32l4xx_it.o(i.DebugMon_Handler)
    i.EXTI15_10_IRQHandler                   0x080007bc   Section        0  stm32l4xx_it.o(i.EXTI15_10_IRQHandler)
    i.EXTI2_IRQHandler                       0x080007c4   Section        0  stm32l4xx_it.o(i.EXTI2_IRQHandler)
    i.HAL_Delay                              0x080007cc   Section        0  stm32l4xx_hal.o(i.HAL_Delay)
    i.HAL_GPIO_DeInit                        0x080007f0   Section        0  stm32l4xx_hal_gpio.o(i.HAL_GPIO_DeInit)
    i.HAL_GPIO_EXTI_Callback                 0x08000958   Section        0  main.o(i.HAL_GPIO_EXTI_Callback)
    i.HAL_GPIO_EXTI_IRQHandler               0x08000988   Section        0  stm32l4xx_hal_gpio.o(i.HAL_GPIO_EXTI_IRQHandler)
    i.HAL_GPIO_Init                          0x080009a0   Section        0  stm32l4xx_hal_gpio.o(i.HAL_GPIO_Init)
    i.HAL_GPIO_WritePin                      0x08000b6a   Section        0  stm32l4xx_hal_gpio.o(i.HAL_GPIO_WritePin)
    i.HAL_GetTick                            0x08000b74   Section        0  stm32l4xx_hal.o(i.HAL_GetTick)
    i.HAL_I2CEx_ConfigAnalogFilter           0x08000b80   Section        0  stm32l4xx_hal_i2c_ex.o(i.HAL_I2CEx_ConfigAnalogFilter)
    i.HAL_I2CEx_ConfigDigitalFilter          0x08000bd6   Section        0  stm32l4xx_hal_i2c_ex.o(i.HAL_I2CEx_ConfigDigitalFilter)
    i.HAL_I2C_Init                           0x08000c28   Section        0  stm32l4xx_hal_i2c.o(i.HAL_I2C_Init)
    i.HAL_I2C_Mem_Read                       0x08000ce0   Section        0  stm32l4xx_hal_i2c.o(i.HAL_I2C_Mem_Read)
    i.HAL_I2C_Mem_Write                      0x08000e4c   Section        0  stm32l4xx_hal_i2c.o(i.HAL_I2C_Mem_Write)
    i.HAL_I2C_MspInit                        0x08000fac   Section        0  stm32l4xx_hal_msp.o(i.HAL_I2C_MspInit)
    i.HAL_IncTick                            0x08001010   Section        0  stm32l4xx_hal.o(i.HAL_IncTick)
    i.HAL_Init                               0x08001020   Section        0  stm32l4xx_hal.o(i.HAL_Init)
    i.HAL_InitTick                           0x08001040   Section        0  stm32l4xx_hal.o(i.HAL_InitTick)
    i.HAL_MspInit                            0x08001084   Section        0  stm32l4xx_hal_msp.o(i.HAL_MspInit)
    i.HAL_NVIC_EnableIRQ                     0x080010b0   Section        0  stm32l4xx_hal_cortex.o(i.HAL_NVIC_EnableIRQ)
    i.HAL_NVIC_SetPriority                   0x080010cc   Section        0  stm32l4xx_hal_cortex.o(i.HAL_NVIC_SetPriority)
    i.HAL_NVIC_SetPriorityGrouping           0x0800110c   Section        0  stm32l4xx_hal_cortex.o(i.HAL_NVIC_SetPriorityGrouping)
    i.HAL_PWREx_EnterSTOP2Mode               0x08001130   Section        0  stm32l4xx_hal_pwr_ex.o(i.HAL_PWREx_EnterSTOP2Mode)
    i.HAL_PWREx_GetVoltageRange              0x08001168   Section        0  stm32l4xx_hal_pwr_ex.o(i.HAL_PWREx_GetVoltageRange)
    i.HAL_RCCEx_PeriphCLKConfig              0x08001178   Section        0  stm32l4xx_hal_rcc_ex.o(i.HAL_RCCEx_PeriphCLKConfig)
    i.HAL_RCC_ClockConfig                    0x08001528   Section        0  stm32l4xx_hal_rcc.o(i.HAL_RCC_ClockConfig)
    i.HAL_RCC_GetClockConfig                 0x08001648   Section        0  stm32l4xx_hal_rcc.o(i.HAL_RCC_GetClockConfig)
    i.HAL_RCC_GetOscConfig                   0x08001688   Section        0  stm32l4xx_hal_rcc.o(i.HAL_RCC_GetOscConfig)
    i.HAL_RCC_GetPCLK1Freq                   0x08001768   Section        0  stm32l4xx_hal_rcc.o(i.HAL_RCC_GetPCLK1Freq)
    i.HAL_RCC_GetPCLK2Freq                   0x0800178c   Section        0  stm32l4xx_hal_rcc.o(i.HAL_RCC_GetPCLK2Freq)
    i.HAL_RCC_GetSysClockFreq                0x080017b0   Section        0  stm32l4xx_hal_rcc.o(i.HAL_RCC_GetSysClockFreq)
    i.HAL_RCC_OscConfig                      0x08001854   Section        0  stm32l4xx_hal_rcc.o(i.HAL_RCC_OscConfig)
    i.HAL_ResumeTick                         0x08001d7c   Section        0  stm32l4xx_hal.o(i.HAL_ResumeTick)
    i.HAL_SYSTICK_Config                     0x08001d8a   Section        0  stm32l4xx_hal_cortex.o(i.HAL_SYSTICK_Config)
    i.HAL_SuspendTick                        0x08001db2   Section        0  stm32l4xx_hal.o(i.HAL_SuspendTick)
    i.HAL_UART_DeInit                        0x08001dc0   Section        0  stm32l4xx_hal_uart.o(i.HAL_UART_DeInit)
    i.HAL_UART_Init                          0x08001dfa   Section        0  stm32l4xx_hal_uart.o(i.HAL_UART_Init)
    i.HAL_UART_MspDeInit                     0x08001e60   Section        0  stm32l4xx_hal_msp.o(i.HAL_UART_MspDeInit)
    i.HAL_UART_MspInit                       0x08001e88   Section        0  stm32l4xx_hal_msp.o(i.HAL_UART_MspInit)
    i.HAL_UART_Transmit                      0x08001eec   Section        0  stm32l4xx_hal_uart.o(i.HAL_UART_Transmit)
    i.HardFault_Handler                      0x08001fa2   Section        0  stm32l4xx_it.o(i.HardFault_Handler)
    i.I2C_Flush_TXDR                         0x08001fa4   Section        0  stm32l4xx_hal_i2c.o(i.I2C_Flush_TXDR)
    I2C_Flush_TXDR                           0x08001fa5   Thumb Code    34  stm32l4xx_hal_i2c.o(i.I2C_Flush_TXDR)
    i.I2C_IsAcknowledgeFailed                0x08001fc8   Section        0  stm32l4xx_hal_i2c.o(i.I2C_IsAcknowledgeFailed)
    I2C_IsAcknowledgeFailed                  0x08001fc9   Thumb Code   128  stm32l4xx_hal_i2c.o(i.I2C_IsAcknowledgeFailed)
    i.I2C_RequestMemoryRead                  0x0800204c   Section        0  stm32l4xx_hal_i2c.o(i.I2C_RequestMemoryRead)
    I2C_RequestMemoryRead                    0x0800204d   Thumb Code    94  stm32l4xx_hal_i2c.o(i.I2C_RequestMemoryRead)
    i.I2C_RequestMemoryWrite                 0x080020b0   Section        0  stm32l4xx_hal_i2c.o(i.I2C_RequestMemoryWrite)
    I2C_RequestMemoryWrite                   0x080020b1   Thumb Code    94  stm32l4xx_hal_i2c.o(i.I2C_RequestMemoryWrite)
    i.I2C_TransferConfig                     0x08002114   Section        0  stm32l4xx_hal_i2c.o(i.I2C_TransferConfig)
    I2C_TransferConfig                       0x08002115   Thumb Code    40  stm32l4xx_hal_i2c.o(i.I2C_TransferConfig)
    i.I2C_WaitOnFlagUntilTimeout             0x08002140   Section        0  stm32l4xx_hal_i2c.o(i.I2C_WaitOnFlagUntilTimeout)
    I2C_WaitOnFlagUntilTimeout               0x08002141   Thumb Code    88  stm32l4xx_hal_i2c.o(i.I2C_WaitOnFlagUntilTimeout)
    i.I2C_WaitOnSTOPFlagUntilTimeout         0x08002198   Section        0  stm32l4xx_hal_i2c.o(i.I2C_WaitOnSTOPFlagUntilTimeout)
    I2C_WaitOnSTOPFlagUntilTimeout           0x08002199   Thumb Code    76  stm32l4xx_hal_i2c.o(i.I2C_WaitOnSTOPFlagUntilTimeout)
    i.I2C_WaitOnTXISFlagUntilTimeout         0x080021e4   Section        0  stm32l4xx_hal_i2c.o(i.I2C_WaitOnTXISFlagUntilTimeout)
    I2C_WaitOnTXISFlagUntilTimeout           0x080021e5   Thumb Code    80  stm32l4xx_hal_i2c.o(i.I2C_WaitOnTXISFlagUntilTimeout)
    i.MX_GPIO_Init                           0x08002234   Section        0  main.o(i.MX_GPIO_Init)
    MX_GPIO_Init                             0x08002235   Thumb Code   324  main.o(i.MX_GPIO_Init)
    i.MX_I2C1_Init                           0x08002390   Section        0  main.o(i.MX_I2C1_Init)
    MX_I2C1_Init                             0x08002391   Thumb Code    54  main.o(i.MX_I2C1_Init)
    i.MX_USART1_UART_Init                    0x080023d4   Section        0  main.o(i.MX_USART1_UART_Init)
    MX_USART1_UART_Init                      0x080023d5   Thumb Code    68  main.o(i.MX_USART1_UART_Init)
    i.MemManage_Handler                      0x08002420   Section        0  stm32l4xx_it.o(i.MemManage_Handler)
    i.NMI_Handler                            0x08002422   Section        0  stm32l4xx_it.o(i.NMI_Handler)
    i.PendSV_Handler                         0x08002424   Section        0  stm32l4xx_it.o(i.PendSV_Handler)
    i.RCCEx_PLLSAI1_Config                   0x08002428   Section        0  stm32l4xx_hal_rcc_ex.o(i.RCCEx_PLLSAI1_Config)
    RCCEx_PLLSAI1_Config                     0x08002429   Thumb Code   278  stm32l4xx_hal_rcc_ex.o(i.RCCEx_PLLSAI1_Config)
    i.RCCEx_PLLSAI2_Config                   0x08002554   Section        0  stm32l4xx_hal_rcc_ex.o(i.RCCEx_PLLSAI2_Config)
    RCCEx_PLLSAI2_Config                     0x08002555   Thumb Code   250  stm32l4xx_hal_rcc_ex.o(i.RCCEx_PLLSAI2_Config)
    i.RCC_SetFlashLatencyFromMSIRange        0x0800265c   Section        0  stm32l4xx_hal_rcc.o(i.RCC_SetFlashLatencyFromMSIRange)
    RCC_SetFlashLatencyFromMSIRange          0x0800265d   Thumb Code   116  stm32l4xx_hal_rcc.o(i.RCC_SetFlashLatencyFromMSIRange)
    i.SVC_Handler                            0x080026d8   Section        0  stm32l4xx_it.o(i.SVC_Handler)
    i.SysTick_Handler                        0x080026da   Section        0  stm32l4xx_it.o(i.SysTick_Handler)
    i.SystemClock_Config                     0x080026de   Section        0  main.o(i.SystemClock_Config)
    i.SystemInit                             0x08002740   Section        0  system_stm32l4xx.o(i.SystemInit)
    i.UART_AdvFeatureConfig                  0x08002784   Section        0  stm32l4xx_hal_uart.o(i.UART_AdvFeatureConfig)
    i.UART_CheckIdleState                    0x0800284c   Section        0  stm32l4xx_hal_uart.o(i.UART_CheckIdleState)
    i.UART_SetConfig                         0x080028a4   Section        0  stm32l4xx_hal_uart.o(i.UART_SetConfig)
    i.UART_WaitOnFlagUntilTimeout            0x08002b38   Section        0  stm32l4xx_hal_uart.o(i.UART_WaitOnFlagUntilTimeout)
    i.UsageFault_Handler                     0x08002bdc   Section        0  stm32l4xx_it.o(i.UsageFault_Handler)
    i.__0printf                              0x08002be0   Section        0  printfa.o(i.__0printf)
    i.__0sprintf                             0x08002c00   Section        0  printfa.o(i.__0sprintf)
    i.__NVIC_SetPriority                     0x08002c28   Section        0  stm32l4xx_hal_cortex.o(i.__NVIC_SetPriority)
    __NVIC_SetPriority                       0x08002c29   Thumb Code    32  stm32l4xx_hal_cortex.o(i.__NVIC_SetPriority)
    i.__scatterload_copy                     0x08002c48   Section       14  handlers.o(i.__scatterload_copy)
    i.__scatterload_null                     0x08002c56   Section        2  handlers.o(i.__scatterload_null)
    i.__scatterload_zeroinit                 0x08002c58   Section       14  handlers.o(i.__scatterload_zeroinit)
    i._fp_digits                             0x08002c68   Section        0  printfa.o(i._fp_digits)
    _fp_digits                               0x08002c69   Thumb Code   366  printfa.o(i._fp_digits)
    i._printf_core                           0x08002df4   Section        0  printfa.o(i._printf_core)
    _printf_core                             0x08002df5   Thumb Code  1744  printfa.o(i._printf_core)
    i._printf_post_padding                   0x080034d6   Section        0  printfa.o(i._printf_post_padding)
    _printf_post_padding                     0x080034d7   Thumb Code    36  printfa.o(i._printf_post_padding)
    i._printf_pre_padding                    0x080034fa   Section        0  printfa.o(i._printf_pre_padding)
    _printf_pre_padding                      0x080034fb   Thumb Code    46  printfa.o(i._printf_pre_padding)
    i._sputc                                 0x08003528   Section        0  printfa.o(i._sputc)
    _sputc                                   0x08003529   Thumb Code    10  printfa.o(i._sputc)
    i.example_main                           0x08003534   Section        0  sensor.o(i.example_main)
    i.fputc                                  0x08003804   Section        0  main.o(i.fputc)
    i.lsm6dsl_acceleration_raw_get           0x0800381c   Section        0  lsm6dsl_reg.o(i.lsm6dsl_acceleration_raw_get)
    i.lsm6dsl_angular_rate_raw_get           0x08003826   Section        0  lsm6dsl_reg.o(i.lsm6dsl_angular_rate_raw_get)
    i.lsm6dsl_block_data_update_set          0x08003830   Section        0  lsm6dsl_reg.o(i.lsm6dsl_block_data_update_set)
    i.lsm6dsl_device_id_get                  0x0800385e   Section        0  lsm6dsl_reg.o(i.lsm6dsl_device_id_get)
    i.lsm6dsl_from_fs2000dps_to_mdps         0x08003868   Section        0  lsm6dsl_reg.o(i.lsm6dsl_from_fs2000dps_to_mdps)
    i.lsm6dsl_from_fs2g_to_mg                0x08003880   Section        0  lsm6dsl_reg.o(i.lsm6dsl_from_fs2g_to_mg)
    i.lsm6dsl_from_lsb_to_celsius            0x08003898   Section        0  lsm6dsl_reg.o(i.lsm6dsl_from_lsb_to_celsius)
    i.lsm6dsl_gy_band_pass_set               0x080038b4   Section        0  lsm6dsl_reg.o(i.lsm6dsl_gy_band_pass_set)
    i.lsm6dsl_gy_data_rate_set               0x08003944   Section        0  lsm6dsl_reg.o(i.lsm6dsl_gy_data_rate_set)
    i.lsm6dsl_gy_full_scale_set              0x08003972   Section        0  lsm6dsl_reg.o(i.lsm6dsl_gy_full_scale_set)
    i.lsm6dsl_read_reg                       0x080039a0   Section        0  lsm6dsl_reg.o(i.lsm6dsl_read_reg)
    i.lsm6dsl_reset_get                      0x080039ae   Section        0  lsm6dsl_reg.o(i.lsm6dsl_reset_get)
    i.lsm6dsl_reset_set                      0x080039c8   Section        0  lsm6dsl_reg.o(i.lsm6dsl_reset_set)
    i.lsm6dsl_status_reg_get                 0x080039f6   Section        0  lsm6dsl_reg.o(i.lsm6dsl_status_reg_get)
    i.lsm6dsl_temperature_raw_get            0x08003a00   Section        0  lsm6dsl_reg.o(i.lsm6dsl_temperature_raw_get)
    i.lsm6dsl_write_reg                      0x08003a0a   Section        0  lsm6dsl_reg.o(i.lsm6dsl_write_reg)
    i.lsm6dsl_xl_data_rate_set               0x08003a18   Section        0  lsm6dsl_reg.o(i.lsm6dsl_xl_data_rate_set)
    i.lsm6dsl_xl_filter_analog_set           0x08003a46   Section        0  lsm6dsl_reg.o(i.lsm6dsl_xl_filter_analog_set)
    i.lsm6dsl_xl_full_scale_set              0x08003a74   Section        0  lsm6dsl_reg.o(i.lsm6dsl_xl_full_scale_set)
    i.lsm6dsl_xl_lp2_bandwidth_set           0x08003aa2   Section        0  lsm6dsl_reg.o(i.lsm6dsl_xl_lp2_bandwidth_set)
    i.lsm6dsl_xl_power_mode_set              0x08003ade   Section        0  lsm6dsl_reg.o(i.lsm6dsl_xl_power_mode_set)
    i.main                                   0x08003b0c   Section        0  main.o(i.main)
    i.platform_read                          0x08003d34   Section        0  sensor.o(i.platform_read)
    platform_read                            0x08003d35   Thumb Code    30  sensor.o(i.platform_read)
    i.platform_write                         0x08003d58   Section        0  sensor.o(i.platform_write)
    platform_write                           0x08003d59   Thumb Code    30  sensor.o(i.platform_write)
    i.power_232_ctr                          0x08003d7c   Section        0  main.o(i.power_232_ctr)
    i.power_3V3_ctr                          0x08003dbc   Section        0  main.o(i.power_3V3_ctr)
    i.power_i2c_ctr                          0x08003e00   Section        0  main.o(i.power_i2c_ctr)
    i.tx_com                                 0x08003e44   Section        0  sensor.o(i.tx_com)
    .constdata                               0x08003e58   Section       64  system_stm32l4xx.o(.constdata)
    .constdata                               0x08003e98   Section        8  system_stm32l4xx.o(.constdata)
    .data                                    0x20000000   Section       12  stm32l4xx_hal.o(.data)
    .data                                    0x2000000c   Section        4  system_stm32l4xx.o(.data)
    .data                                    0x20000010   Section        1  sensor.o(.data)
    .data                                    0x20000014   Section       20  sensor.o(.data)
    whoamI                                   0x20000014   Data           1  sensor.o(.data)
    rst                                      0x20000015   Data           1  sensor.o(.data)
    data_raw_temperature                     0x20000016   Data           2  sensor.o(.data)
    temperature_degC                         0x20000018   Data           4  sensor.o(.data)
    data_raw_acceleration                    0x2000001c   Data           6  sensor.o(.data)
    data_raw_angular_rate                    0x20000022   Data           6  sensor.o(.data)
    .data                                    0x20000028   Section        4  stdout.o(.data)
    .bss                                     0x2000002c   Section      204  main.o(.bss)
    .bss                                     0x200000f8   Section     1036  sensor.o(.bss)
    acceleration_mg                          0x200000f8   Data          12  sensor.o(.bss)
    angular_rate_mdps                        0x20000104   Data          12  sensor.o(.bss)
    tx_buffer                                0x20000110   Data        1000  sensor.o(.bss)
    STACK                                    0x20000508   Section     1024  startup_stm32l476xx.o(STACK)

    Global Symbols

    Symbol Name                              Value     Ov Type        Size  Object(Section)

    BuildAttributes$$THM_ISAv4$E$P$D$K$B$S$7EM$VFPi3$EXTD16$VFPS$VFMA$PE$A:L22UL41UL21$X:L11$S22US41US21$IEEE1$IW$USESV6$~STKCKD$USESV7$~SHL$OSPACE$ROPI$EBA8$MICROLIB$REQ8$PRES8$EABIv2 0x00000000   Number         0  anon$$obj.o ABSOLUTE
    __ARM_use_no_argv                        0x00000000   Number         0  main.o ABSOLUTE
    _printf_a                                0x00000000   Number         0  stubs.o ABSOLUTE
    _printf_c                                0x00000000   Number         0  stubs.o ABSOLUTE
    _printf_charcount                        0x00000000   Number         0  stubs.o ABSOLUTE
    _printf_d                                0x00000000   Number         0  stubs.o ABSOLUTE
    _printf_e                                0x00000000   Number         0  stubs.o ABSOLUTE
    _printf_f                                0x00000000   Number         0  stubs.o ABSOLUTE
    _printf_flags                            0x00000000   Number         0  stubs.o ABSOLUTE
    _printf_fp_dec                           0x00000000   Number         0  stubs.o ABSOLUTE
    _printf_fp_hex                           0x00000000   Number         0  stubs.o ABSOLUTE
    _printf_g                                0x00000000   Number         0  stubs.o ABSOLUTE
    _printf_i                                0x00000000   Number         0  stubs.o ABSOLUTE
    _printf_int_dec                          0x00000000   Number         0  stubs.o ABSOLUTE
    _printf_l                                0x00000000   Number         0  stubs.o ABSOLUTE
    _printf_lc                               0x00000000   Number         0  stubs.o ABSOLUTE
    _printf_ll                               0x00000000   Number         0  stubs.o ABSOLUTE
    _printf_lld                              0x00000000   Number         0  stubs.o ABSOLUTE
    _printf_lli                              0x00000000   Number         0  stubs.o ABSOLUTE
    _printf_llo                              0x00000000   Number         0  stubs.o ABSOLUTE
    _printf_llu                              0x00000000   Number         0  stubs.o ABSOLUTE
    _printf_llx                              0x00000000   Number         0  stubs.o ABSOLUTE
    _printf_longlong_dec                     0x00000000   Number         0  stubs.o ABSOLUTE
    _printf_longlong_hex                     0x00000000   Number         0  stubs.o ABSOLUTE
    _printf_longlong_oct                     0x00000000   Number         0  stubs.o ABSOLUTE
    _printf_ls                               0x00000000   Number         0  stubs.o ABSOLUTE
    _printf_mbtowc                           0x00000000   Number         0  stubs.o ABSOLUTE
    _printf_n                                0x00000000   Number         0  stubs.o ABSOLUTE
    _printf_o                                0x00000000   Number         0  stubs.o ABSOLUTE
    _printf_p                                0x00000000   Number         0  stubs.o ABSOLUTE
    _printf_percent                          0x00000000   Number         0  stubs.o ABSOLUTE
    _printf_pre_padding                      0x00000000   Number         0  stubs.o ABSOLUTE
    _printf_return_value                     0x00000000   Number         0  stubs.o ABSOLUTE
    _printf_s                                0x00000000   Number         0  stubs.o ABSOLUTE
    _printf_sizespec                         0x00000000   Number         0  stubs.o ABSOLUTE
    _printf_str                              0x00000000   Number         0  stubs.o ABSOLUTE
    _printf_truncate_signed                  0x00000000   Number         0  stubs.o ABSOLUTE
    _printf_truncate_unsigned                0x00000000   Number         0  stubs.o ABSOLUTE
    _printf_u                                0x00000000   Number         0  stubs.o ABSOLUTE
    _printf_wc                               0x00000000   Number         0  stubs.o ABSOLUTE
    _printf_wctomb                           0x00000000   Number         0  stubs.o ABSOLUTE
    _printf_widthprec                        0x00000000   Number         0  stubs.o ABSOLUTE
    _printf_x                                0x00000000   Number         0  stubs.o ABSOLUTE
    __cpp_initialize__aeabi_                  - Undefined Weak Reference
    __cxa_finalize                            - Undefined Weak Reference
    __decompress                              - Undefined Weak Reference
    _clock_init                               - Undefined Weak Reference
    _microlib_exit                            - Undefined Weak Reference
    __Vectors_Size                           0x00000188   Number         0  startup_stm32l476xx.o ABSOLUTE
    __Vectors                                0x08000000   Data           4  startup_stm32l476xx.o(RESET)
    __Vectors_End                            0x08000188   Data           0  startup_stm32l476xx.o(RESET)
    __main                                   0x08000189   Thumb Code     0  entry.o(.ARM.Collect$$$$00000000)
    _main_stk                                0x08000189   Thumb Code     0  entry2.o(.ARM.Collect$$$$00000001)
    _main_scatterload                        0x0800018d   Thumb Code     0  entry5.o(.ARM.Collect$$$$00000004)
    __main_after_scatterload                 0x08000191   Thumb Code     0  entry5.o(.ARM.Collect$$$$00000004)
    _main_clock                              0x08000191   Thumb Code     0  entry7b.o(.ARM.Collect$$$$00000008)
    _main_cpp_init                           0x08000191   Thumb Code     0  entry8b.o(.ARM.Collect$$$$0000000A)
    _main_init                               0x08000191   Thumb Code     0  entry9a.o(.ARM.Collect$$$$0000000B)
    __rt_final_cpp                           0x08000199   Thumb Code     0  entry10a.o(.ARM.Collect$$$$0000000D)
    __rt_final_exit                          0x08000199   Thumb Code     0  entry11a.o(.ARM.Collect$$$$0000000F)
    Reset_Handler                            0x0800019d   Thumb Code     8  startup_stm32l476xx.o(.text)
    ADC1_2_IRQHandler                        0x080001b7   Thumb Code     0  startup_stm32l476xx.o(.text)
    ADC3_IRQHandler                          0x080001b7   Thumb Code     0  startup_stm32l476xx.o(.text)
    CAN1_RX0_IRQHandler                      0x080001b7   Thumb Code     0  startup_stm32l476xx.o(.text)
    CAN1_RX1_IRQHandler                      0x080001b7   Thumb Code     0  startup_stm32l476xx.o(.text)
    CAN1_SCE_IRQHandler                      0x080001b7   Thumb Code     0  startup_stm32l476xx.o(.text)
    CAN1_TX_IRQHandler                       0x080001b7   Thumb Code     0  startup_stm32l476xx.o(.text)
    COMP_IRQHandler                          0x080001b7   Thumb Code     0  startup_stm32l476xx.o(.text)
    DFSDM1_FLT0_IRQHandler                   0x080001b7   Thumb Code     0  startup_stm32l476xx.o(.text)
    DFSDM1_FLT1_IRQHandler                   0x080001b7   Thumb Code     0  startup_stm32l476xx.o(.text)
    DFSDM1_FLT2_IRQHandler                   0x080001b7   Thumb Code     0  startup_stm32l476xx.o(.text)
    DFSDM1_FLT3_IRQHandler                   0x080001b7   Thumb Code     0  startup_stm32l476xx.o(.text)
    DMA1_Channel1_IRQHandler                 0x080001b7   Thumb Code     0  startup_stm32l476xx.o(.text)
    DMA1_Channel2_IRQHandler                 0x080001b7   Thumb Code     0  startup_stm32l476xx.o(.text)
    DMA1_Channel3_IRQHandler                 0x080001b7   Thumb Code     0  startup_stm32l476xx.o(.text)
    DMA1_Channel4_IRQHandler                 0x080001b7   Thumb Code     0  startup_stm32l476xx.o(.text)
    DMA1_Channel5_IRQHandler                 0x080001b7   Thumb Code     0  startup_stm32l476xx.o(.text)
    DMA1_Channel6_IRQHandler                 0x080001b7   Thumb Code     0  startup_stm32l476xx.o(.text)
    DMA1_Channel7_IRQHandler                 0x080001b7   Thumb Code     0  startup_stm32l476xx.o(.text)
    DMA2_Channel1_IRQHandler                 0x080001b7   Thumb Code     0  startup_stm32l476xx.o(.text)
    DMA2_Channel2_IRQHandler                 0x080001b7   Thumb Code     0  startup_stm32l476xx.o(.text)
    DMA2_Channel3_IRQHandler                 0x080001b7   Thumb Code     0  startup_stm32l476xx.o(.text)
    DMA2_Channel4_IRQHandler                 0x080001b7   Thumb Code     0  startup_stm32l476xx.o(.text)
    DMA2_Channel5_IRQHandler                 0x080001b7   Thumb Code     0  startup_stm32l476xx.o(.text)
    DMA2_Channel6_IRQHandler                 0x080001b7   Thumb Code     0  startup_stm32l476xx.o(.text)
    DMA2_Channel7_IRQHandler                 0x080001b7   Thumb Code     0  startup_stm32l476xx.o(.text)
    EXTI0_IRQHandler                         0x080001b7   Thumb Code     0  startup_stm32l476xx.o(.text)
    EXTI1_IRQHandler                         0x080001b7   Thumb Code     0  startup_stm32l476xx.o(.text)
    EXTI3_IRQHandler                         0x080001b7   Thumb Code     0  startup_stm32l476xx.o(.text)
    EXTI4_IRQHandler                         0x080001b7   Thumb Code     0  startup_stm32l476xx.o(.text)
    EXTI9_5_IRQHandler                       0x080001b7   Thumb Code     0  startup_stm32l476xx.o(.text)
    FLASH_IRQHandler                         0x080001b7   Thumb Code     0  startup_stm32l476xx.o(.text)
    FMC_IRQHandler                           0x080001b7   Thumb Code     0  startup_stm32l476xx.o(.text)
    FPU_IRQHandler                           0x080001b7   Thumb Code     0  startup_stm32l476xx.o(.text)
    I2C1_ER_IRQHandler                       0x080001b7   Thumb Code     0  startup_stm32l476xx.o(.text)
    I2C1_EV_IRQHandler                       0x080001b7   Thumb Code     0  startup_stm32l476xx.o(.text)
    I2C2_ER_IRQHandler                       0x080001b7   Thumb Code     0  startup_stm32l476xx.o(.text)
    I2C2_EV_IRQHandler                       0x080001b7   Thumb Code     0  startup_stm32l476xx.o(.text)
    I2C3_ER_IRQHandler                       0x080001b7   Thumb Code     0  startup_stm32l476xx.o(.text)
    I2C3_EV_IRQHandler                       0x080001b7   Thumb Code     0  startup_stm32l476xx.o(.text)
    LCD_IRQHandler                           0x080001b7   Thumb Code     0  startup_stm32l476xx.o(.text)
    LPTIM1_IRQHandler                        0x080001b7   Thumb Code     0  startup_stm32l476xx.o(.text)
    LPTIM2_IRQHandler                        0x080001b7   Thumb Code     0  startup_stm32l476xx.o(.text)
    LPUART1_IRQHandler                       0x080001b7   Thumb Code     0  startup_stm32l476xx.o(.text)
    OTG_FS_IRQHandler                        0x080001b7   Thumb Code     0  startup_stm32l476xx.o(.text)
    PVD_PVM_IRQHandler                       0x080001b7   Thumb Code     0  startup_stm32l476xx.o(.text)
    QUADSPI_IRQHandler                       0x080001b7   Thumb Code     0  startup_stm32l476xx.o(.text)
    RCC_IRQHandler                           0x080001b7   Thumb Code     0  startup_stm32l476xx.o(.text)
    RNG_IRQHandler                           0x080001b7   Thumb Code     0  startup_stm32l476xx.o(.text)
    RTC_Alarm_IRQHandler                     0x080001b7   Thumb Code     0  startup_stm32l476xx.o(.text)
    RTC_WKUP_IRQHandler                      0x080001b7   Thumb Code     0  startup_stm32l476xx.o(.text)
    SAI1_IRQHandler                          0x080001b7   Thumb Code     0  startup_stm32l476xx.o(.text)
    SAI2_IRQHandler                          0x080001b7   Thumb Code     0  startup_stm32l476xx.o(.text)
    SDMMC1_IRQHandler                        0x080001b7   Thumb Code     0  startup_stm32l476xx.o(.text)
    SPI1_IRQHandler                          0x080001b7   Thumb Code     0  startup_stm32l476xx.o(.text)
    SPI2_IRQHandler                          0x080001b7   Thumb Code     0  startup_stm32l476xx.o(.text)
    SPI3_IRQHandler                          0x080001b7   Thumb Code     0  startup_stm32l476xx.o(.text)
    SWPMI1_IRQHandler                        0x080001b7   Thumb Code     0  startup_stm32l476xx.o(.text)
    TAMP_STAMP_IRQHandler                    0x080001b7   Thumb Code     0  startup_stm32l476xx.o(.text)
    TIM1_BRK_TIM15_IRQHandler                0x080001b7   Thumb Code     0  startup_stm32l476xx.o(.text)
    TIM1_CC_IRQHandler                       0x080001b7   Thumb Code     0  startup_stm32l476xx.o(.text)
    TIM1_TRG_COM_TIM17_IRQHandler            0x080001b7   Thumb Code     0  startup_stm32l476xx.o(.text)
    TIM1_UP_TIM16_IRQHandler                 0x080001b7   Thumb Code     0  startup_stm32l476xx.o(.text)
    TIM2_IRQHandler                          0x080001b7   Thumb Code     0  startup_stm32l476xx.o(.text)
    TIM3_IRQHandler                          0x080001b7   Thumb Code     0  startup_stm32l476xx.o(.text)
    TIM4_IRQHandler                          0x080001b7   Thumb Code     0  startup_stm32l476xx.o(.text)
    TIM5_IRQHandler                          0x080001b7   Thumb Code     0  startup_stm32l476xx.o(.text)
    TIM6_DAC_IRQHandler                      0x080001b7   Thumb Code     0  startup_stm32l476xx.o(.text)
    TIM7_IRQHandler                          0x080001b7   Thumb Code     0  startup_stm32l476xx.o(.text)
    TIM8_BRK_IRQHandler                      0x080001b7   Thumb Code     0  startup_stm32l476xx.o(.text)
    TIM8_CC_IRQHandler                       0x080001b7   Thumb Code     0  startup_stm32l476xx.o(.text)
    TIM8_TRG_COM_IRQHandler                  0x080001b7   Thumb Code     0  startup_stm32l476xx.o(.text)
    TIM8_UP_IRQHandler                       0x080001b7   Thumb Code     0  startup_stm32l476xx.o(.text)
    TSC_IRQHandler                           0x080001b7   Thumb Code     0  startup_stm32l476xx.o(.text)
    UART4_IRQHandler                         0x080001b7   Thumb Code     0  startup_stm32l476xx.o(.text)
    UART5_IRQHandler                         0x080001b7   Thumb Code     0  startup_stm32l476xx.o(.text)
    USART1_IRQHandler                        0x080001b7   Thumb Code     0  startup_stm32l476xx.o(.text)
    USART2_IRQHandler                        0x080001b7   Thumb Code     0  startup_stm32l476xx.o(.text)
    USART3_IRQHandler                        0x080001b7   Thumb Code     0  startup_stm32l476xx.o(.text)
    WWDG_IRQHandler                          0x080001b7   Thumb Code     0  startup_stm32l476xx.o(.text)
    __aeabi_uldivmod                         0x080001c1   Thumb Code    98  uldiv.o(.text)
    __aeabi_memset                           0x08000229   Thumb Code    14  memseta.o(.text)
    __aeabi_memset4                          0x08000229   Thumb Code     0  memseta.o(.text)
    __aeabi_memset8                          0x08000229   Thumb Code     0  memseta.o(.text)
    __aeabi_memclr                           0x08000237   Thumb Code     4  memseta.o(.text)
    __aeabi_memclr4                          0x08000237   Thumb Code     0  memseta.o(.text)
    __aeabi_memclr8                          0x08000237   Thumb Code     0  memseta.o(.text)
    _memset$wrapper                          0x0800023b   Thumb Code    18  memseta.o(.text)
    strlen                                   0x0800024d   Thumb Code    14  strlen.o(.text)
    __aeabi_f2d                              0x0800025b   Thumb Code    38  f2d.o(.text)
    __aeabi_uidiv                            0x08000281   Thumb Code     0  uidiv.o(.text)
    __aeabi_uidivmod                         0x08000281   Thumb Code    44  uidiv.o(.text)
    __aeabi_llsl                             0x080002ad   Thumb Code    30  llshl.o(.text)
    _ll_shift_l                              0x080002ad   Thumb Code     0  llshl.o(.text)
    __aeabi_llsr                             0x080002cb   Thumb Code    32  llushr.o(.text)
    _ll_ushift_r                             0x080002cb   Thumb Code     0  llushr.o(.text)
    __I$use$fp                               0x080002eb   Thumb Code     0  iusefp.o(.text)
    __aeabi_dadd                             0x080002eb   Thumb Code   322  dadd.o(.text)
    __aeabi_dsub                             0x0800042d   Thumb Code     6  dadd.o(.text)
    __aeabi_drsub                            0x08000433   Thumb Code     6  dadd.o(.text)
    __aeabi_dmul                             0x08000449   Thumb Code   228  dmul.o(.text)
    __aeabi_ddiv                             0x08000533   Thumb Code   222  ddiv.o(.text)
    __aeabi_d2ulz                            0x08000611   Thumb Code    48  dfixul.o(.text)
    __aeabi_cdrcmple                         0x08000641   Thumb Code    48  cdrcmple.o(.text)
    __scatterload                            0x08000671   Thumb Code    28  init.o(.text)
    __scatterload_rt2                        0x08000671   Thumb Code     0  init.o(.text)
    __aeabi_lasr                             0x08000695   Thumb Code    36  llsshr.o(.text)
    _ll_sshift_r                             0x08000695   Thumb Code     0  llsshr.o(.text)
    _double_round                            0x080006b9   Thumb Code    30  depilogue.o(.text)
    _double_epilogue                         0x080006d7   Thumb Code   156  depilogue.o(.text)
    BSP_LED_Init                             0x08000775   Thumb Code    58  main.o(i.BSP_LED_Init)
    BusFault_Handler                         0x080007b9   Thumb Code     2  stm32l4xx_it.o(i.BusFault_Handler)
    DebugMon_Handler                         0x080007bb   Thumb Code     2  stm32l4xx_it.o(i.DebugMon_Handler)
    EXTI15_10_IRQHandler                     0x080007bd   Thumb Code     8  stm32l4xx_it.o(i.EXTI15_10_IRQHandler)
    EXTI2_IRQHandler                         0x080007c5   Thumb Code     6  stm32l4xx_it.o(i.EXTI2_IRQHandler)
    HAL_Delay                                0x080007cd   Thumb Code    32  stm32l4xx_hal.o(i.HAL_Delay)
    HAL_GPIO_DeInit                          0x080007f1   Thumb Code   320  stm32l4xx_hal_gpio.o(i.HAL_GPIO_DeInit)
    HAL_GPIO_EXTI_Callback                   0x08000959   Thumb Code    38  main.o(i.HAL_GPIO_EXTI_Callback)
    HAL_GPIO_EXTI_IRQHandler                 0x08000989   Thumb Code    18  stm32l4xx_hal_gpio.o(i.HAL_GPIO_EXTI_IRQHandler)
    HAL_GPIO_Init                            0x080009a1   Thumb Code   414  stm32l4xx_hal_gpio.o(i.HAL_GPIO_Init)
    HAL_GPIO_WritePin                        0x08000b6b   Thumb Code    10  stm32l4xx_hal_gpio.o(i.HAL_GPIO_WritePin)
    HAL_GetTick                              0x08000b75   Thumb Code     6  stm32l4xx_hal.o(i.HAL_GetTick)
    HAL_I2CEx_ConfigAnalogFilter             0x08000b81   Thumb Code    86  stm32l4xx_hal_i2c_ex.o(i.HAL_I2CEx_ConfigAnalogFilter)
    HAL_I2CEx_ConfigDigitalFilter            0x08000bd7   Thumb Code    82  stm32l4xx_hal_i2c_ex.o(i.HAL_I2CEx_ConfigDigitalFilter)
    HAL_I2C_Init                             0x08000c29   Thumb Code   178  stm32l4xx_hal_i2c.o(i.HAL_I2C_Init)
    HAL_I2C_Mem_Read                         0x08000ce1   Thumb Code   346  stm32l4xx_hal_i2c.o(i.HAL_I2C_Mem_Read)
    HAL_I2C_Mem_Write                        0x08000e4d   Thumb Code   340  stm32l4xx_hal_i2c.o(i.HAL_I2C_Mem_Write)
    HAL_I2C_MspInit                          0x08000fad   Thumb Code    88  stm32l4xx_hal_msp.o(i.HAL_I2C_MspInit)
    HAL_IncTick                              0x08001011   Thumb Code    12  stm32l4xx_hal.o(i.HAL_IncTick)
    HAL_Init                                 0x08001021   Thumb Code    30  stm32l4xx_hal.o(i.HAL_Init)
    HAL_InitTick                             0x08001041   Thumb Code    58  stm32l4xx_hal.o(i.HAL_InitTick)
    HAL_MspInit                              0x08001085   Thumb Code    38  stm32l4xx_hal_msp.o(i.HAL_MspInit)
    HAL_NVIC_EnableIRQ                       0x080010b1   Thumb Code    26  stm32l4xx_hal_cortex.o(i.HAL_NVIC_EnableIRQ)
    HAL_NVIC_SetPriority                     0x080010cd   Thumb Code    60  stm32l4xx_hal_cortex.o(i.HAL_NVIC_SetPriority)
    HAL_NVIC_SetPriorityGrouping             0x0800110d   Thumb Code    26  stm32l4xx_hal_cortex.o(i.HAL_NVIC_SetPriorityGrouping)
    HAL_PWREx_EnterSTOP2Mode                 0x08001131   Thumb Code    46  stm32l4xx_hal_pwr_ex.o(i.HAL_PWREx_EnterSTOP2Mode)
    HAL_PWREx_GetVoltageRange                0x08001169   Thumb Code    10  stm32l4xx_hal_pwr_ex.o(i.HAL_PWREx_GetVoltageRange)
    HAL_RCCEx_PeriphCLKConfig                0x08001179   Thumb Code   928  stm32l4xx_hal_rcc_ex.o(i.HAL_RCCEx_PeriphCLKConfig)
    HAL_RCC_ClockConfig                      0x08001529   Thumb Code   266  stm32l4xx_hal_rcc.o(i.HAL_RCC_ClockConfig)
    HAL_RCC_GetClockConfig                   0x08001649   Thumb Code    54  stm32l4xx_hal_rcc.o(i.HAL_RCC_GetClockConfig)
    HAL_RCC_GetOscConfig                     0x08001689   Thumb Code   220  stm32l4xx_hal_rcc.o(i.HAL_RCC_GetOscConfig)
    HAL_RCC_GetPCLK1Freq                     0x08001769   Thumb Code    24  stm32l4xx_hal_rcc.o(i.HAL_RCC_GetPCLK1Freq)
    HAL_RCC_GetPCLK2Freq                     0x0800178d   Thumb Code    24  stm32l4xx_hal_rcc.o(i.HAL_RCC_GetPCLK2Freq)
    HAL_RCC_GetSysClockFreq                  0x080017b1   Thumb Code   150  stm32l4xx_hal_rcc.o(i.HAL_RCC_GetSysClockFreq)
    HAL_RCC_OscConfig                        0x08001855   Thumb Code  1310  stm32l4xx_hal_rcc.o(i.HAL_RCC_OscConfig)
    HAL_ResumeTick                           0x08001d7d   Thumb Code    14  stm32l4xx_hal.o(i.HAL_ResumeTick)
    HAL_SYSTICK_Config                       0x08001d8b   Thumb Code    40  stm32l4xx_hal_cortex.o(i.HAL_SYSTICK_Config)
    HAL_SuspendTick                          0x08001db3   Thumb Code    14  stm32l4xx_hal.o(i.HAL_SuspendTick)
    HAL_UART_DeInit                          0x08001dc1   Thumb Code    58  stm32l4xx_hal_uart.o(i.HAL_UART_DeInit)
    HAL_UART_Init                            0x08001dfb   Thumb Code   102  stm32l4xx_hal_uart.o(i.HAL_UART_Init)
    HAL_UART_MspDeInit                       0x08001e61   Thumb Code    32  stm32l4xx_hal_msp.o(i.HAL_UART_MspDeInit)
    HAL_UART_MspInit                         0x08001e89   Thumb Code    92  stm32l4xx_hal_msp.o(i.HAL_UART_MspInit)
    HAL_UART_Transmit                        0x08001eed   Thumb Code   182  stm32l4xx_hal_uart.o(i.HAL_UART_Transmit)
    HardFault_Handler                        0x08001fa3   Thumb Code     2  stm32l4xx_it.o(i.HardFault_Handler)
    MemManage_Handler                        0x08002421   Thumb Code     2  stm32l4xx_it.o(i.MemManage_Handler)
    NMI_Handler                              0x08002423   Thumb Code     2  stm32l4xx_it.o(i.NMI_Handler)
    PendSV_Handler                           0x08002425   Thumb Code     2  stm32l4xx_it.o(i.PendSV_Handler)
    SVC_Handler                              0x080026d9   Thumb Code     2  stm32l4xx_it.o(i.SVC_Handler)
    SysTick_Handler                          0x080026db   Thumb Code     4  stm32l4xx_it.o(i.SysTick_Handler)
    SystemClock_Config                       0x080026df   Thumb Code    96  main.o(i.SystemClock_Config)
    SystemInit                               0x08002741   Thumb Code    56  system_stm32l4xx.o(i.SystemInit)
    UART_AdvFeatureConfig                    0x08002785   Thumb Code   200  stm32l4xx_hal_uart.o(i.UART_AdvFeatureConfig)
    UART_CheckIdleState                      0x0800284d   Thumb Code    88  stm32l4xx_hal_uart.o(i.UART_CheckIdleState)
    UART_SetConfig                           0x080028a5   Thumb Code   612  stm32l4xx_hal_uart.o(i.UART_SetConfig)
    UART_WaitOnFlagUntilTimeout              0x08002b39   Thumb Code   164  stm32l4xx_hal_uart.o(i.UART_WaitOnFlagUntilTimeout)
    UsageFault_Handler                       0x08002bdd   Thumb Code     2  stm32l4xx_it.o(i.UsageFault_Handler)
    __0printf                                0x08002be1   Thumb Code    22  printfa.o(i.__0printf)
    __1printf                                0x08002be1   Thumb Code     0  printfa.o(i.__0printf)
    __2printf                                0x08002be1   Thumb Code     0  printfa.o(i.__0printf)
    __c89printf                              0x08002be1   Thumb Code     0  printfa.o(i.__0printf)
    printf                                   0x08002be1   Thumb Code     0  printfa.o(i.__0printf)
    __0sprintf                               0x08002c01   Thumb Code    34  printfa.o(i.__0sprintf)
    __1sprintf                               0x08002c01   Thumb Code     0  printfa.o(i.__0sprintf)
    __2sprintf                               0x08002c01   Thumb Code     0  printfa.o(i.__0sprintf)
    __c89sprintf                             0x08002c01   Thumb Code     0  printfa.o(i.__0sprintf)
    sprintf                                  0x08002c01   Thumb Code     0  printfa.o(i.__0sprintf)
    __scatterload_copy                       0x08002c49   Thumb Code    14  handlers.o(i.__scatterload_copy)
    __scatterload_null                       0x08002c57   Thumb Code     2  handlers.o(i.__scatterload_null)
    __scatterload_zeroinit                   0x08002c59   Thumb Code    14  handlers.o(i.__scatterload_zeroinit)
    example_main                             0x08003535   Thumb Code   550  sensor.o(i.example_main)
    fputc                                    0x08003805   Thumb Code    20  main.o(i.fputc)
    lsm6dsl_acceleration_raw_get             0x0800381d   Thumb Code    10  lsm6dsl_reg.o(i.lsm6dsl_acceleration_raw_get)
    lsm6dsl_angular_rate_raw_get             0x08003827   Thumb Code    10  lsm6dsl_reg.o(i.lsm6dsl_angular_rate_raw_get)
    lsm6dsl_block_data_update_set            0x08003831   Thumb Code    46  lsm6dsl_reg.o(i.lsm6dsl_block_data_update_set)
    lsm6dsl_device_id_get                    0x0800385f   Thumb Code    10  lsm6dsl_reg.o(i.lsm6dsl_device_id_get)
    lsm6dsl_from_fs2000dps_to_mdps           0x08003869   Thumb Code    18  lsm6dsl_reg.o(i.lsm6dsl_from_fs2000dps_to_mdps)
    lsm6dsl_from_fs2g_to_mg                  0x08003881   Thumb Code    18  lsm6dsl_reg.o(i.lsm6dsl_from_fs2g_to_mg)
    lsm6dsl_from_lsb_to_celsius              0x08003899   Thumb Code    22  lsm6dsl_reg.o(i.lsm6dsl_from_lsb_to_celsius)
    lsm6dsl_gy_band_pass_set                 0x080038b5   Thumb Code   144  lsm6dsl_reg.o(i.lsm6dsl_gy_band_pass_set)
    lsm6dsl_gy_data_rate_set                 0x08003945   Thumb Code    46  lsm6dsl_reg.o(i.lsm6dsl_gy_data_rate_set)
    lsm6dsl_gy_full_scale_set                0x08003973   Thumb Code    46  lsm6dsl_reg.o(i.lsm6dsl_gy_full_scale_set)
    lsm6dsl_read_reg                         0x080039a1   Thumb Code    14  lsm6dsl_reg.o(i.lsm6dsl_read_reg)
    lsm6dsl_reset_get                        0x080039af   Thumb Code    26  lsm6dsl_reg.o(i.lsm6dsl_reset_get)
    lsm6dsl_reset_set                        0x080039c9   Thumb Code    46  lsm6dsl_reg.o(i.lsm6dsl_reset_set)
    lsm6dsl_status_reg_get                   0x080039f7   Thumb Code    10  lsm6dsl_reg.o(i.lsm6dsl_status_reg_get)
    lsm6dsl_temperature_raw_get              0x08003a01   Thumb Code    10  lsm6dsl_reg.o(i.lsm6dsl_temperature_raw_get)
    lsm6dsl_write_reg                        0x08003a0b   Thumb Code    14  lsm6dsl_reg.o(i.lsm6dsl_write_reg)
    lsm6dsl_xl_data_rate_set                 0x08003a19   Thumb Code    46  lsm6dsl_reg.o(i.lsm6dsl_xl_data_rate_set)
    lsm6dsl_xl_filter_analog_set             0x08003a47   Thumb Code    46  lsm6dsl_reg.o(i.lsm6dsl_xl_filter_analog_set)
    lsm6dsl_xl_full_scale_set                0x08003a75   Thumb Code    46  lsm6dsl_reg.o(i.lsm6dsl_xl_full_scale_set)
    lsm6dsl_xl_lp2_bandwidth_set             0x08003aa3   Thumb Code    60  lsm6dsl_reg.o(i.lsm6dsl_xl_lp2_bandwidth_set)
    lsm6dsl_xl_power_mode_set                0x08003adf   Thumb Code    46  lsm6dsl_reg.o(i.lsm6dsl_xl_power_mode_set)
    main                                     0x08003b0d   Thumb Code   464  main.o(i.main)
    power_232_ctr                            0x08003d7d   Thumb Code    56  main.o(i.power_232_ctr)
    power_3V3_ctr                            0x08003dbd   Thumb Code    58  main.o(i.power_3V3_ctr)
    power_i2c_ctr                            0x08003e01   Thumb Code    58  main.o(i.power_i2c_ctr)
    tx_com                                   0x08003e45   Thumb Code    14  sensor.o(i.tx_com)
    AHBPrescTable                            0x08003e58   Data          16  system_stm32l4xx.o(.constdata)
    MSIRangeTable                            0x08003e68   Data          48  system_stm32l4xx.o(.constdata)
    APBPrescTable                            0x08003e98   Data           8  system_stm32l4xx.o(.constdata)
    Region$$Table$$Base                      0x08003ea0   Number         0  anon$$obj.o(Region$$Table)
    Region$$Table$$Limit                     0x08003ec0   Number         0  anon$$obj.o(Region$$Table)
    uwTickPrio                               0x20000000   Data           4  stm32l4xx_hal.o(.data)
    uwTickFreq                               0x20000004   Data           4  stm32l4xx_hal.o(.data)
    uwTick                                   0x20000008   Data           4  stm32l4xx_hal.o(.data)
    SystemCoreClock                          0x2000000c   Data           4  system_stm32l4xx.o(.data)
    int1_flag                                0x20000010   Data           1  sensor.o(.data)
    __stdout                                 0x20000028   Data           4  stdout.o(.data)
    hi2c1                                    0x2000002c   Data          76  main.o(.bss)
    huart1                                   0x20000078   Data         128  main.o(.bss)
    dev_ctx                                  0x200004f8   Data          12  sensor.o(.bss)
    __initial_sp                             0x20000908   Data           0  startup_stm32l476xx.o(STACK)



==============================================================================

Memory Map of the image

  Image Entry point : 0x08000189

  Load Region LR_IROM1 (Base: 0x08000000, Size: 0x00003eec, Max: 0x00100000, ABSOLUTE)

    Execution Region ER_IROM1 (Exec base: 0x08000000, Load base: 0x08000000, Size: 0x00003ec0, Max: 0x00100000, ABSOLUTE)

    Exec Addr    Load Addr    Size         Type   Attr      Idx    E Section Name        Object

    0x08000000   0x08000000   0x00000188   Data   RO            3    RESET               startup_stm32l476xx.o
    0x08000188   0x08000188   0x00000000   Code   RO         4383  * .ARM.Collect$$$$00000000  mc_w.l(entry.o)
    0x08000188   0x08000188   0x00000004   Code   RO         4655    .ARM.Collect$$$$00000001  mc_w.l(entry2.o)
    0x0800018c   0x0800018c   0x00000004   Code   RO         4658    .ARM.Collect$$$$00000004  mc_w.l(entry5.o)
    0x08000190   0x08000190   0x00000000   Code   RO         4660    .ARM.Collect$$$$00000008  mc_w.l(entry7b.o)
    0x08000190   0x08000190   0x00000000   Code   RO         4662    .ARM.Collect$$$$0000000A  mc_w.l(entry8b.o)
    0x08000190   0x08000190   0x00000008   Code   RO         4663    .ARM.Collect$$$$0000000B  mc_w.l(entry9a.o)
    0x08000198   0x08000198   0x00000000   Code   RO         4665    .ARM.Collect$$$$0000000D  mc_w.l(entry10a.o)
    0x08000198   0x08000198   0x00000000   Code   RO         4667    .ARM.Collect$$$$0000000F  mc_w.l(entry11a.o)
    0x08000198   0x08000198   0x00000004   Code   RO         4656    .ARM.Collect$$$$00002712  mc_w.l(entry2.o)
    0x0800019c   0x0800019c   0x00000024   Code   RO            4    .text               startup_stm32l476xx.o
    0x080001c0   0x080001c0   0x00000068   Code   RO         4386    .text               mc_w.l(uldiv.o)
    0x08000228   0x08000228   0x00000024   Code   RO         4388    .text               mc_w.l(memseta.o)
    0x0800024c   0x0800024c   0x0000000e   Code   RO         4390    .text               mc_w.l(strlen.o)
    0x0800025a   0x0800025a   0x00000026   Code   RO         4653    .text               mf_w.l(f2d.o)
    0x08000280   0x08000280   0x0000002c   Code   RO         4670    .text               mc_w.l(uidiv.o)
    0x080002ac   0x080002ac   0x0000001e   Code   RO         4672    .text               mc_w.l(llshl.o)
    0x080002ca   0x080002ca   0x00000020   Code   RO         4674    .text               mc_w.l(llushr.o)
    0x080002ea   0x080002ea   0x00000000   Code   RO         4676    .text               mc_w.l(iusefp.o)
    0x080002ea   0x080002ea   0x0000015e   Code   RO         4677    .text               mf_w.l(dadd.o)
    0x08000448   0x08000448   0x000000ea   Code   RO         4679    .text               mf_w.l(dmul.o)
    0x08000532   0x08000532   0x000000de   Code   RO         4681    .text               mf_w.l(ddiv.o)
    0x08000610   0x08000610   0x00000030   Code   RO         4683    .text               mf_w.l(dfixul.o)
    0x08000640   0x08000640   0x00000030   Code   RO         4685    .text               mf_w.l(cdrcmple.o)
    0x08000670   0x08000670   0x00000024   Code   RO         4687    .text               mc_w.l(init.o)
    0x08000694   0x08000694   0x00000024   Code   RO         4689    .text               mc_w.l(llsshr.o)
    0x080006b8   0x080006b8   0x000000ba   Code   RO         4691    .text               mf_w.l(depilogue.o)
    0x08000772   0x08000772   0x00000002   PAD
    0x08000774   0x08000774   0x00000044   Code   RO           13    i.BSP_LED_Init      main.o
    0x080007b8   0x080007b8   0x00000002   Code   RO          225    i.BusFault_Handler  stm32l4xx_it.o
    0x080007ba   0x080007ba   0x00000002   Code   RO          226    i.DebugMon_Handler  stm32l4xx_it.o
    0x080007bc   0x080007bc   0x00000008   Code   RO          227    i.EXTI15_10_IRQHandler  stm32l4xx_it.o
    0x080007c4   0x080007c4   0x00000006   Code   RO          228    i.EXTI2_IRQHandler  stm32l4xx_it.o
    0x080007ca   0x080007ca   0x00000002   PAD
    0x080007cc   0x080007cc   0x00000024   Code   RO          882    i.HAL_Delay         stm32l4xx_hal.o
    0x080007f0   0x080007f0   0x00000166   Code   RO         1569    i.HAL_GPIO_DeInit   stm32l4xx_hal_gpio.o
    0x08000956   0x08000956   0x00000002   PAD
    0x08000958   0x08000958   0x00000030   Code   RO           15    i.HAL_GPIO_EXTI_Callback  main.o
    0x08000988   0x08000988   0x00000018   Code   RO         1571    i.HAL_GPIO_EXTI_IRQHandler  stm32l4xx_hal_gpio.o
    0x080009a0   0x080009a0   0x000001ca   Code   RO         1572    i.HAL_GPIO_Init     stm32l4xx_hal_gpio.o
    0x08000b6a   0x08000b6a   0x0000000a   Code   RO         1576    i.HAL_GPIO_WritePin  stm32l4xx_hal_gpio.o
    0x08000b74   0x08000b74   0x0000000c   Code   RO          886    i.HAL_GetTick       stm32l4xx_hal.o
    0x08000b80   0x08000b80   0x00000056   Code   RO          821    i.HAL_I2CEx_ConfigAnalogFilter  stm32l4xx_hal_i2c_ex.o
    0x08000bd6   0x08000bd6   0x00000052   Code   RO          822    i.HAL_I2CEx_ConfigDigitalFilter  stm32l4xx_hal_i2c_ex.o
    0x08000c28   0x08000c28   0x000000b8   Code   RO          375    i.HAL_I2C_Init      stm32l4xx_hal_i2c.o
    0x08000ce0   0x08000ce0   0x0000016a   Code   RO          393    i.HAL_I2C_Mem_Read  stm32l4xx_hal_i2c.o
    0x08000e4a   0x08000e4a   0x00000002   PAD
    0x08000e4c   0x08000e4c   0x0000015e   Code   RO          396    i.HAL_I2C_Mem_Write  stm32l4xx_hal_i2c.o
    0x08000faa   0x08000faa   0x00000002   PAD
    0x08000fac   0x08000fac   0x00000064   Code   RO          317    i.HAL_I2C_MspInit   stm32l4xx_hal_msp.o
    0x08001010   0x08001010   0x00000010   Code   RO          892    i.HAL_IncTick       stm32l4xx_hal.o
    0x08001020   0x08001020   0x0000001e   Code   RO          893    i.HAL_Init          stm32l4xx_hal.o
    0x0800103e   0x0800103e   0x00000002   PAD
    0x08001040   0x08001040   0x00000044   Code   RO          894    i.HAL_InitTick      stm32l4xx_hal.o
    0x08001084   0x08001084   0x0000002c   Code   RO          318    i.HAL_MspInit       stm32l4xx_hal_msp.o
    0x080010b0   0x080010b0   0x0000001a   Code   RO         2119    i.HAL_NVIC_EnableIRQ  stm32l4xx_hal_cortex.o
    0x080010ca   0x080010ca   0x00000002   PAD
    0x080010cc   0x080010cc   0x00000040   Code   RO         2125    i.HAL_NVIC_SetPriority  stm32l4xx_hal_cortex.o
    0x0800110c   0x0800110c   0x00000024   Code   RO         2126    i.HAL_NVIC_SetPriorityGrouping  stm32l4xx_hal_cortex.o
    0x08001130   0x08001130   0x00000038   Code   RO         1893    i.HAL_PWREx_EnterSTOP2Mode  stm32l4xx_hal_pwr_ex.o
    0x08001168   0x08001168   0x00000010   Code   RO         1894    i.HAL_PWREx_GetVoltageRange  stm32l4xx_hal_pwr_ex.o
    0x08001178   0x08001178   0x000003ae   Code   RO         1225    i.HAL_RCCEx_PeriphCLKConfig  stm32l4xx_hal_rcc_ex.o
    0x08001526   0x08001526   0x00000002   PAD
    0x08001528   0x08001528   0x00000120   Code   RO         1110    i.HAL_RCC_ClockConfig  stm32l4xx_hal_rcc.o
    0x08001648   0x08001648   0x00000040   Code   RO         1113    i.HAL_RCC_GetClockConfig  stm32l4xx_hal_rcc.o
    0x08001688   0x08001688   0x000000e0   Code   RO         1115    i.HAL_RCC_GetOscConfig  stm32l4xx_hal_rcc.o
    0x08001768   0x08001768   0x00000024   Code   RO         1116    i.HAL_RCC_GetPCLK1Freq  stm32l4xx_hal_rcc.o
    0x0800178c   0x0800178c   0x00000024   Code   RO         1117    i.HAL_RCC_GetPCLK2Freq  stm32l4xx_hal_rcc.o
    0x080017b0   0x080017b0   0x000000a4   Code   RO         1118    i.HAL_RCC_GetSysClockFreq  stm32l4xx_hal_rcc.o
    0x08001854   0x08001854   0x00000528   Code   RO         1121    i.HAL_RCC_OscConfig  stm32l4xx_hal_rcc.o
    0x08001d7c   0x08001d7c   0x0000000e   Code   RO          897    i.HAL_ResumeTick    stm32l4xx_hal.o
    0x08001d8a   0x08001d8a   0x00000028   Code   RO         2130    i.HAL_SYSTICK_Config  stm32l4xx_hal_cortex.o
    0x08001db2   0x08001db2   0x0000000e   Code   RO          909    i.HAL_SuspendTick   stm32l4xx_hal.o
    0x08001dc0   0x08001dc0   0x0000003a   Code   RO         2378    i.HAL_UART_DeInit   stm32l4xx_hal_uart.o
    0x08001dfa   0x08001dfa   0x00000066   Code   RO         2385    i.HAL_UART_Init     stm32l4xx_hal_uart.o
    0x08001e60   0x08001e60   0x00000028   Code   RO          319    i.HAL_UART_MspDeInit  stm32l4xx_hal_msp.o
    0x08001e88   0x08001e88   0x00000064   Code   RO          320    i.HAL_UART_MspInit  stm32l4xx_hal_msp.o
    0x08001eec   0x08001eec   0x000000b6   Code   RO         2394    i.HAL_UART_Transmit  stm32l4xx_hal_uart.o
    0x08001fa2   0x08001fa2   0x00000002   Code   RO          229    i.HardFault_Handler  stm32l4xx_it.o
    0x08001fa4   0x08001fa4   0x00000022   Code   RO          422    i.I2C_Flush_TXDR    stm32l4xx_hal_i2c.o
    0x08001fc6   0x08001fc6   0x00000002   PAD
    0x08001fc8   0x08001fc8   0x00000084   Code   RO          430    i.I2C_IsAcknowledgeFailed  stm32l4xx_hal_i2c.o
    0x0800204c   0x0800204c   0x00000064   Code   RO          433    i.I2C_RequestMemoryRead  stm32l4xx_hal_i2c.o
    0x080020b0   0x080020b0   0x00000064   Code   RO          434    i.I2C_RequestMemoryWrite  stm32l4xx_hal_i2c.o
    0x08002114   0x08002114   0x0000002c   Code   RO          437    i.I2C_TransferConfig  stm32l4xx_hal_i2c.o
    0x08002140   0x08002140   0x00000058   Code   RO          438    i.I2C_WaitOnFlagUntilTimeout  stm32l4xx_hal_i2c.o
    0x08002198   0x08002198   0x0000004c   Code   RO          440    i.I2C_WaitOnSTOPFlagUntilTimeout  stm32l4xx_hal_i2c.o
    0x080021e4   0x080021e4   0x00000050   Code   RO          441    i.I2C_WaitOnTXISFlagUntilTimeout  stm32l4xx_hal_i2c.o
    0x08002234   0x08002234   0x0000015c   Code   RO           16    i.MX_GPIO_Init      main.o
    0x08002390   0x08002390   0x00000044   Code   RO           17    i.MX_I2C1_Init      main.o
    0x080023d4   0x080023d4   0x0000004c   Code   RO           18    i.MX_USART1_UART_Init  main.o
    0x08002420   0x08002420   0x00000002   Code   RO          230    i.MemManage_Handler  stm32l4xx_it.o
    0x08002422   0x08002422   0x00000002   Code   RO          231    i.NMI_Handler       stm32l4xx_it.o
    0x08002424   0x08002424   0x00000002   Code   RO          232    i.PendSV_Handler    stm32l4xx_it.o
    0x08002426   0x08002426   0x00000002   PAD
    0x08002428   0x08002428   0x0000012c   Code   RO         1229    i.RCCEx_PLLSAI1_Config  stm32l4xx_hal_rcc_ex.o
    0x08002554   0x08002554   0x00000108   Code   RO         1230    i.RCCEx_PLLSAI2_Config  stm32l4xx_hal_rcc_ex.o
    0x0800265c   0x0800265c   0x0000007c   Code   RO         1122    i.RCC_SetFlashLatencyFromMSIRange  stm32l4xx_hal_rcc.o
    0x080026d8   0x080026d8   0x00000002   Code   RO          233    i.SVC_Handler       stm32l4xx_it.o
    0x080026da   0x080026da   0x00000004   Code   RO          234    i.SysTick_Handler   stm32l4xx_it.o
    0x080026de   0x080026de   0x00000060   Code   RO           19    i.SystemClock_Config  main.o
    0x0800273e   0x0800273e   0x00000002   PAD
    0x08002740   0x08002740   0x00000044   Code   RO         2798    i.SystemInit        system_stm32l4xx.o
    0x08002784   0x08002784   0x000000c8   Code   RO         2399    i.UART_AdvFeatureConfig  stm32l4xx_hal_uart.o
    0x0800284c   0x0800284c   0x00000058   Code   RO         2400    i.UART_CheckIdleState  stm32l4xx_hal_uart.o
    0x080028a4   0x080028a4   0x00000294   Code   RO         2415    i.UART_SetConfig    stm32l4xx_hal_uart.o
    0x08002b38   0x08002b38   0x000000a4   Code   RO         2418    i.UART_WaitOnFlagUntilTimeout  stm32l4xx_hal_uart.o
    0x08002bdc   0x08002bdc   0x00000002   Code   RO          235    i.UsageFault_Handler  stm32l4xx_it.o
    0x08002bde   0x08002bde   0x00000002   PAD
    0x08002be0   0x08002be0   0x00000020   Code   RO         4625    i.__0printf         mc_w.l(printfa.o)
    0x08002c00   0x08002c00   0x00000028   Code   RO         4627    i.__0sprintf        mc_w.l(printfa.o)
    0x08002c28   0x08002c28   0x00000020   Code   RO         2132    i.__NVIC_SetPriority  stm32l4xx_hal_cortex.o
    0x08002c48   0x08002c48   0x0000000e   Code   RO         4695    i.__scatterload_copy  mc_w.l(handlers.o)
    0x08002c56   0x08002c56   0x00000002   Code   RO         4696    i.__scatterload_null  mc_w.l(handlers.o)
    0x08002c58   0x08002c58   0x0000000e   Code   RO         4697    i.__scatterload_zeroinit  mc_w.l(handlers.o)
    0x08002c66   0x08002c66   0x00000002   PAD
    0x08002c68   0x08002c68   0x0000018a   Code   RO         4632    i._fp_digits        mc_w.l(printfa.o)
    0x08002df2   0x08002df2   0x00000002   PAD
    0x08002df4   0x08002df4   0x000006e2   Code   RO         4633    i._printf_core      mc_w.l(printfa.o)
    0x080034d6   0x080034d6   0x00000024   Code   RO         4634    i._printf_post_padding  mc_w.l(printfa.o)
    0x080034fa   0x080034fa   0x0000002e   Code   RO         4635    i._printf_pre_padding  mc_w.l(printfa.o)
    0x08003528   0x08003528   0x0000000a   Code   RO         4637    i._sputc            mc_w.l(printfa.o)
    0x08003532   0x08003532   0x00000002   PAD
    0x08003534   0x08003534   0x000002ce   Code   RO         4328    i.example_main      sensor.o
    0x08003802   0x08003802   0x00000002   PAD
    0x08003804   0x08003804   0x00000018   Code   RO           21    i.fputc             main.o
    0x0800381c   0x0800381c   0x0000000a   Code   RO         2841    i.lsm6dsl_acceleration_raw_get  lsm6dsl_reg.o
    0x08003826   0x08003826   0x0000000a   Code   RO         2849    i.lsm6dsl_angular_rate_raw_get  lsm6dsl_reg.o
    0x08003830   0x08003830   0x0000002e   Code   RO         2853    i.lsm6dsl_block_data_update_set  lsm6dsl_reg.o
    0x0800385e   0x0800385e   0x0000000a   Code   RO         2872    i.lsm6dsl_device_id_get  lsm6dsl_reg.o
    0x08003868   0x08003868   0x00000018   Code   RO         2910    i.lsm6dsl_from_fs2000dps_to_mdps  lsm6dsl_reg.o
    0x08003880   0x08003880   0x00000018   Code   RO         2912    i.lsm6dsl_from_fs2g_to_mg  lsm6dsl_reg.o
    0x08003898   0x08003898   0x0000001c   Code   RO         2916    i.lsm6dsl_from_lsb_to_celsius  lsm6dsl_reg.o
    0x080038b4   0x080038b4   0x00000090   Code   RO         2919    i.lsm6dsl_gy_band_pass_set  lsm6dsl_reg.o
    0x08003944   0x08003944   0x0000002e   Code   RO         2921    i.lsm6dsl_gy_data_rate_set  lsm6dsl_reg.o
    0x08003972   0x08003972   0x0000002e   Code   RO         2924    i.lsm6dsl_gy_full_scale_set  lsm6dsl_reg.o
    0x080039a0   0x080039a0   0x0000000e   Code   RO         2972    i.lsm6dsl_read_reg  lsm6dsl_reg.o
    0x080039ae   0x080039ae   0x0000001a   Code   RO         2973    i.lsm6dsl_reset_get  lsm6dsl_reg.o
    0x080039c8   0x080039c8   0x0000002e   Code   RO         2974    i.lsm6dsl_reset_set  lsm6dsl_reg.o
    0x080039f6   0x080039f6   0x0000000a   Code   RO         3017    i.lsm6dsl_status_reg_get  lsm6dsl_reg.o
    0x08003a00   0x08003a00   0x0000000a   Code   RO         3036    i.lsm6dsl_temperature_raw_get  lsm6dsl_reg.o
    0x08003a0a   0x08003a0a   0x0000000e   Code   RO         3055    i.lsm6dsl_write_reg  lsm6dsl_reg.o
    0x08003a18   0x08003a18   0x0000002e   Code   RO         3057    i.lsm6dsl_xl_data_rate_set  lsm6dsl_reg.o
    0x08003a46   0x08003a46   0x0000002e   Code   RO         3059    i.lsm6dsl_xl_filter_analog_set  lsm6dsl_reg.o
    0x08003a74   0x08003a74   0x0000002e   Code   RO         3062    i.lsm6dsl_xl_full_scale_set  lsm6dsl_reg.o
    0x08003aa2   0x08003aa2   0x0000003c   Code   RO         3070    i.lsm6dsl_xl_lp2_bandwidth_set  lsm6dsl_reg.o
    0x08003ade   0x08003ade   0x0000002e   Code   RO         3074    i.lsm6dsl_xl_power_mode_set  lsm6dsl_reg.o
    0x08003b0c   0x08003b0c   0x00000228   Code   RO           22    i.main              main.o
    0x08003d34   0x08003d34   0x00000024   Code   RO         4331    i.platform_read     sensor.o
    0x08003d58   0x08003d58   0x00000024   Code   RO         4332    i.platform_write    sensor.o
    0x08003d7c   0x08003d7c   0x00000040   Code   RO           23    i.power_232_ctr     main.o
    0x08003dbc   0x08003dbc   0x00000044   Code   RO           24    i.power_3V3_ctr     main.o
    0x08003e00   0x08003e00   0x00000044   Code   RO           25    i.power_i2c_ctr     main.o
    0x08003e44   0x08003e44   0x00000014   Code   RO         4333    i.tx_com            sensor.o
    0x08003e58   0x08003e58   0x00000040   Data   RO         2799    .constdata          system_stm32l4xx.o
    0x08003e98   0x08003e98   0x00000008   Data   RO         2800    .constdata          system_stm32l4xx.o
    0x08003ea0   0x08003ea0   0x00000020   Data   RO         4693    Region$$Table       anon$$obj.o


    Execution Region RW_IRAM1 (Exec base: 0x20000000, Load base: 0x08003ec0, Size: 0x00000908, Max: 0x00018000, ABSOLUTE)

    Exec Addr    Load Addr    Size         Type   Attr      Idx    E Section Name        Object

    0x20000000   0x08003ec0   0x0000000c   Data   RW          910    .data               stm32l4xx_hal.o
    0x2000000c   0x08003ecc   0x00000004   Data   RW         2801    .data               system_stm32l4xx.o
    0x20000010   0x08003ed0   0x00000001   Data   RW         4336    .data               sensor.o
    0x20000011   0x08003ed1   0x00000003   PAD
    0x20000014   0x08003ed4   0x00000014   Data   RW         4337    .data               sensor.o
    0x20000028   0x08003ee8   0x00000004   Data   RW         4669    .data               mc_w.l(stdout.o)
    0x2000002c        -       0x000000cc   Zero   RW           26    .bss                main.o
    0x200000f8        -       0x0000040c   Zero   RW         4334    .bss                sensor.o
    0x20000504   0x08003eec   0x00000004   PAD
    0x20000508        -       0x00000400   Zero   RW            1    STACK               startup_stm32l476xx.o


==============================================================================

Image component sizes


      Code (inc. data)   RO Data    RW Data    ZI Data      Debug   Object Name

       752         18          0          0          0      13994   lsm6dsl_reg.o
      1480        186          0          0        204     837537   main.o
       810        180          0         21       1036       3722   sensor.o
        36          8        392          0       1024        828   startup_stm32l476xx.o
       190         24          0         12          0       5244   stm32l4xx_hal.o
       198         14          0          0          0      33887   stm32l4xx_hal_cortex.o
       850         76          0          0          0       3917   stm32l4xx_hal_gpio.o
      1550         40          0          0          0      11598   stm32l4xx_hal_i2c.o
       168          0          0          0          0       1887   stm32l4xx_hal_i2c_ex.o
       284         34          0          0          0       2752   stm32l4xx_hal_msp.o
        72         16          0          0          0       1175   stm32l4xx_hal_pwr_ex.o
      2256        112          0          0          0       8308   stm32l4xx_hal_rcc.o
      1506         44          0          0          0       4020   stm32l4xx_hal_rcc_ex.o
      1454         68          0          0          0       7195   stm32l4xx_hal_uart.o
        34          0          0          0          0       4912   stm32l4xx_it.o
        68         12         72          4          0       1181   system_stm32l4xx.o

    ----------------------------------------------------------------------
     11732        832        496         40       2268     942157   Object Totals
         0          0         32          0          0          0   (incl. Generated)
        24          0          0          3          4          0   (incl. Padding)

    ----------------------------------------------------------------------

      Code (inc. data)   RO Data    RW Data    ZI Data      Debug   Library Member Name

         0          0          0          0          0          0   entry.o
         0          0          0          0          0          0   entry10a.o
         0          0          0          0          0          0   entry11a.o
         8          4          0          0          0          0   entry2.o
         4          0          0          0          0          0   entry5.o
         0          0          0          0          0          0   entry7b.o
         0          0          0          0          0          0   entry8b.o
         8          4          0          0          0          0   entry9a.o
        30          0          0          0          0          0   handlers.o
        36          8          0          0          0         68   init.o
         0          0          0          0          0          0   iusefp.o
        30          0          0          0          0         68   llshl.o
        36          0          0          0          0         68   llsshr.o
        32          0          0          0          0         68   llushr.o
        36          0          0          0          0        108   memseta.o
      2320         96          0          0          0        604   printfa.o
         0          0          0          4          0          0   stdout.o
        14          0          0          0          0         68   strlen.o
        44          0          0          0          0         80   uidiv.o
       104          0          0          0          0         92   uldiv.o
        48          0          0          0          0         68   cdrcmple.o
       350          0          0          0          0        148   dadd.o
       222          0          0          0          0        100   ddiv.o
       186          0          0          0          0        176   depilogue.o
        48          0          0          0          0         68   dfixul.o
       234          0          0          0          0         96   dmul.o
        38          0          0          0          0         68   f2d.o

    ----------------------------------------------------------------------
      3836        112          0          4          0       1948   Library Totals
         8          0          0          0          0          0   (incl. Padding)

    ----------------------------------------------------------------------

      Code (inc. data)   RO Data    RW Data    ZI Data      Debug   Library Name

      2702        112          0          4          0       1224   mc_w.l
      1126          0          0          0          0        724   mf_w.l

    ----------------------------------------------------------------------
      3836        112          0          4          0       1948   Library Totals

    ----------------------------------------------------------------------

==============================================================================


      Code (inc. data)   RO Data    RW Data    ZI Data      Debug   

     15568        944        496         44       2268     934121   Grand Totals
     15568        944        496         44       2268     934121   ELF Image Totals
     15568        944        496         44          0          0   ROM Totals

==============================================================================

    Total RO  Size (Code + RO Data)                16064 (  15.69kB)
    Total RW  Size (RW Data + ZI Data)              2312 (   2.26kB)
    Total ROM Size (Code + RO Data + RW Data)      16108 (  15.73kB)

==============================================================================

